******************************************************************************
                  TI ARM Linker PC v16.9.6                     
******************************************************************************
>> Linked Thu Nov 18 15:02:45 2021

OUTPUT FILE NAME:   <sensortag_cc2650stk_app.out>
ENTRY POINT SYMBOL: "ResetISR"  address: 00009a61


MEMORY CONFIGURATION

         name            origin    length      used     unused   attr    fill
----------------------  --------  ---------  --------  --------  ----  --------
  IMAGE_HEADER          00001000   00000010  00000010  00000000  R  X
  FLASH                 00001010   0000e010  0000c8dc  00001734  R  X
  SRAM                  20000000   00004328  00002932  000019f6  RW X


SEGMENT ALLOCATION MAP

run origin  load origin   length   init length attrs members
----------  ----------- ---------- ----------- ----- -------
00001000    00001000    0000c8f0   0000c8f0    r-x
  00001000    00001000    00000010   00000010    r-- .imgHdr
  00001010    00001010    0000003c   0000003c    r-- .resetVecs
  0000104c    0000104c    0000ba04   0000ba04    r-x .text
  0000ca50    0000ca50    0000099c   0000099c    r-- .const
  0000d3f0    0000d3f0    00000500   00000500    r-- .cinit
20000430    20000430    00000010   00000000    rw-
  20000430    20000430    00000010   00000000    rw- .TI.bound:dmaSpi0RxControlTableEntry$13
20000440    20000440    00000010   00000000    rw-
  20000440    20000440    00000010   00000000    rw- .TI.bound:dmaSpi0TxControlTableEntry$13
20000500    20000500    00000010   00000000    rw-
  20000500    20000500    00000010   00000000    rw- .TI.bound:dmaSpi1RxControlTableEntry$13
20000510    20000510    0000263a   00000000    rw-
  20000510    20000510    00000010   00000000    rw- .TI.bound:dmaSpi1TxControlTableEntry$13
  20000520    20000520    0000185d   00000000    rw- .data
  20001d80    20001d80    00000dca   00000000    rw- .bss
20004128    20004128    00000200   00000000    rw-
  20004128    20004128    00000200   00000000    rw- .stack


SECTION ALLOCATION MAP

 output                                  attributes/
section   page    origin      length       input sections
--------  ----  ----------  ----------   ----------------
.imgHdr    0    00001000    00000010     
                  00001000    00000010     oad_target_external_flash.obj (.imgHdr:retain)

.text      0    0000104c    0000ba04     
                  0000104c    000010b4     sensortag.obj (.text:SensorTag_taskFxn$0)
                  00002100    000005bc     peripheral.obj (.text:gapRole_taskFxn$37)
                  000026bc    00000450     driverlib.lib : setup.obj (.text:TrimAfterColdResetWakeupFromShutDown$66)
                  00002b0c    0000033c     sysbios.aem3 : BIOS.obj (.text:xdc_runtime_System_doPrint__I)
                  00002e48    00000280     RFCC26XX_singleMode.obj (.text:fsmActiveState$11)
                  000030c8    00000248     peripheral.obj (.text:GAPRole_SetParameter)
                  00003310    00000228     drivers_cc26xxware.aem3 : PowerCC26XX.oem3 (.text:Power_sleep)
                  00003538    00000208     driverlib.lib : sys_ctrl.obj (.text:NOROM_SysCtrlSetRechargeBeforePowerDown)
                  00003740    000001f4     rtsv7M3_T_le_eabi.lib : ull_div_t2.obj (.text)
                  00003934    000001e0     ECCROMCC26XX.obj (.text:ECC_VerifyPublicKeyWeierstrass)
                  00003b14    000001d0     drivers_cc26xxware.aem3 : PowerCC26XX_calibrateRCOSC.oem3 (.text:calibrateRcoscHf1)
                  00003ce4    000001c8     PINCC26XX.obj (.text:PIN_init)
                  00003eac    000001c0     RFCC26XX_singleMode.obj (.text:fsmSetupState$11)
                  0000406c    000001b4     SPICC26XXDMA.obj (.text:SPICC26XXDMA_transfer)
                  00004220    000001a8     RFCC26XX_singleMode.obj (.text:RF_postCmd)
                  000043c8    000001a4     ECCROMCC26XX.obj (.text:ECCROMCC26XX_genDHKey)
                  0000456c    00000184     drivers_cc26xxware.aem3 : PowerCC26XX_calibrateRCOSC.oem3 (.text:PowerCC26XX_doCalibrate)
                  000046f0    0000017c     RFCC26XX_singleMode.obj (.text:abortCmd$11)
                  0000486c    00000158     SPICC26XXDMA.obj (.text:SPICC26XXDMA_initIO$13)
                  000049c4    00000150     I2CCC26XX.obj (.text:I2CCC26XX_open)
                  00004b14    00000148     driverlib.lib : setup.obj (.text:NOROM_SetupTrimDevice)
                  00004c5c    00000148     SPICC26XXDMA.obj (.text:SPICC26XXDMA_open)
                  00004da4    00000128     ECCROMCC26XX.obj (.text:ECCROMCC26XX_genKeys)
                  00004ecc    00000120     peripheral.obj (.text:GAPRole_GetParameter)
                  00004fec    0000011c     drivers_cc26xxware.aem3 : PowerCC26XX.oem3 (.text:Power_init)
                  00005108    0000010c     RFCC26XX_singleMode.obj (.text:hwiFxnCpe0Active$11)
                  00005214    00000106     icall.obj (.text:ICall_primWaitMatch$16)
                  0000531a    00000002     ble_user_config.obj (.text:DefaultAssertCback)
                  0000531c    00000100     I2CCC26XX.obj (.text:I2CCC26XX_hwiFxn$9)
                  0000541c    00000100     sensortag_song_burst.obj (.text:appStateSet$5)
                  0000551c    000000f8     RFCC26XX_singleMode.obj (.text:fsmPowerUpState$11)
                  00005614    000000f8     RFCC26XX_singleMode.obj (.text:radioOpDoneCb$11)
                  0000570c    000000f8     sysbios.aem3 : BIOS.obj (.text:xdc_runtime_Startup_startMods__I)
                  00005804    000000f8     app_ble_pem3.oem3 (.text:xdc_runtime_System_printfExtend__I)
                  000058fc    000000f0     SPICC26XXDMA.obj (.text:SPICC26XXDMA_transferCancel)
                  000059ec    000000ec     RFCC26XX_singleMode.obj (.text:rf_init$11)
                  00005ad8    000000e4     main.obj (.text:main)
                  00005bbc    000000dc     PINCC26XX.obj (.text:PINCC26XX_setIoCfg$10)
                  00005c98    000000d8     ExtFlash.obj (.text:ExtFlash_open)
                  00005d70    000000d8     SPICC26XXDMA.obj (.text:SPICC26XXDMA_control)
                  00005e48    000000d4     power_cc26xx_tirtos.aem3 : PowerCC26XX_tirtos.oem3 (.text:PowerCC26XX_standbyPolicy)
                  00005f1c    000000d4     drivers_cc26xxware.aem3 : PowerCC26XX.oem3 (.text:Power_releaseDependency)
                  00005ff0    000000d4     SensorMpu9250.obj (.text:SensorMpu9250_reset)
                  000060c4    000000d0     drivers_cc26xxware.aem3 : PowerCC26XX.oem3 (.text:Power_setDependency)
                  00006194    000000d0     RFCC26XX_singleMode.obj (.text:RF_open)
                  00006264    000000d0     SensorMpu9250.obj (.text:SensorMpu9250_enable)
                  00006334    000000cc     RFCC26XX_singleMode.obj (.text:fsmPowerDownState$11)
                  00006400    000000cc     sysbios.aem3 : BIOS.obj (.text:ti_sysbios_knl_Semaphore_pend__E)
                  000064cc    000000c8                  : m3_Hwi_asm.obj (.text:ti_sysbios_family_arm_m3_Hwi_dispatch__I)
                  00006594    000000c4                  : BIOS.obj (.text:ti_sysbios_knl_Task_Instance_init__E)
                  00006658    000000c0     I2CCC26XX.obj (.text:I2CCC26XX_transfer)
                  00006718    000000c0     ioservice.obj (.text:io_WriteAttrCB$34)
                  000067d8    000000bc     devinfoservice.obj (.text:DevInfo_SetParameter)
                  00006894    000000b4     devinfoservice.obj (.text:devInfo_ReadAttrCB$31)
                  00006948    000000a0     SPICC26XXDMA.obj (.text:SPICC26XXDMA_hwiFxn$13)
                  000069e8    000000a0     TRNGCC26XX.obj (.text:TRNGCC26XX_getNumber)
                  00006a88    000000a0     auto_init.aem3 : auto_init.oem3 (.text)
                  00006b28    0000009e     sysbios.aem3 : BIOS.obj (.text:xdc_runtime_Text_putSite__E)
                  00006bc6    0000009c     rtsv7M3_T_le_eabi.lib : memcpy_t2.obj (.text)
                  00006c62    00000002     SPICC26XXDMA.obj (.text:SPICC26XXDMA_serviceISR$13)
                  00006c64    00000098     gattservapp_util.obj (.text:GATTServApp_ProcessCharCfg)
                  00006cfc    00000098     PINCC26XX.obj (.text:PIN_open)
                  00006d94    00000098     sysbios.aem3 : BIOS.obj (.text:ti_sysbios_knl_Clock_workFuncDynamic__E)
                  00006e2c    00000098                  : BIOS.obj (.text:xdc_runtime_Text_putMod__E)
                  00006ec4    00000094     icall.obj (.text:ICall_primSetTimer$16)
                  00006f58    00000094     songburstservice.obj (.text:sensor_WriteAttrCB$39)
                  00006fec    00000094     sysbios.aem3 : BIOS.obj (.text:ti_sysbios_family_arm_m3_Hwi_Instance_init__E)
                  00007080    00000092     SPICC26XXDMA.obj (.text:SPICC26XXDMA_close)
                  00007112    00000002     RFCC26XX_singleMode.obj (.text:defaultErrCb$11)
                  00007114    00000090     drivers_cc26xxware.aem3 : PowerCC26XX.oem3 (.text:switchXOSCHFclockFunc)
                  000071a4    0000008c     I2CCC26XX.obj (.text:I2CCC26XX_cancel)
                  00007230    0000008c     I2CCC26XX.obj (.text:I2CCC26XX_primeTransfer$9)
                  000072bc    00000088     driverlib.lib : osc.obj (.text:NOROM_OSCHF_GetStartupTime)
                  00007344    00000084     icall.obj (.text:ICall_heapMalloc)
                  000073c8    00000084     SensorI2C.obj (.text:SensorI2C_open)
                  0000744c    00000084     sysbios.aem3 : BIOS.obj (.text:ti_sysbios_knl_Task_postInit__I)
                  000074d0    00000080                  : BIOS.obj (.text:ti_sysbios_family_arm_m3_Hwi_initNVIC__E)
                  00007550    00000080                  : BIOS.obj (.text:xdc_runtime_Core_createObject__I)
                  000075d0    0000007c     RFCC26XX_singleMode.obj (.text:RF_pendCmd)
                  0000764c    0000007c     sensortag.obj (.text:SensorTag_enqueueMsg$0)
                  000076c8    0000007c     drivers_cc26xxware.aem3 : PowerCC26XX.oem3 (.text:disableLFClockQualifiers)
                  00007744    0000007c     peripheral.obj (.text:gapRole_startConnUpdate$37)
                  000077c0    0000007c     RFCC26XX_singleMode.obj (.text:swiFxnHw$11)
                  0000783c    0000007a     rtsv7M3_T_le_eabi.lib : memset_t2.obj (.text)
                  000078b6    00000002     drivers_cc26xxware.aem3 : PowerCC26XX.oem3 (.text:emptyClockFunc)
                  000078b8    00000078     SPICC26XXDMA.obj (.text:SPICC26XXDMA_csnCallback$13)
                  00007930    00000078     songburstservice.obj (.text:sensor_ReadAttrCB$39)
                  000079a8    00000078     sysbios.aem3 : BIOS.obj (.text:ti_sysbios_knl_Clock_walkQueueDynamic__E)
                  00007a20    00000076     gattservapp_util.obj (.text:gattServApp_SendNotiInd$33)
                  00007a96    00000002     rtsv7M3_T_le_eabi.lib : i_div0.obj (.text)
                  00007a98    00000074     icall_cc2650.obj (.text:ICallPlatform_pwrUpdActivityCounter)
                  00007b0c    00000074     icall.obj (.text:ICall_primSend$16)
                  00007b80    00000074     drivers_cc26xxware.aem3 : PowerCC26XX_calibrateRCOSC.oem3 (.text:PowerCC26XX_auxISR)
                  00007bf4    00000074     sensortag_keys.obj (.text:SensorTagKeys_clockHandler$4)
                  00007c68    00000074     sensortag.obj (.text:SensorTag_callback$0)
                  00007cdc    00000074     drivers_cc26xxware.aem3 : PowerCC26XX_calibrateRCOSC.oem3 (.text:calibrateRcoscHf2)
                  00007d50    00000074     sysbios.aem3 : BIOS.obj (.text:ti_sysbios_family_arm_cc26xx_Timer_start__E)
                  00007dc4    00000070     battservice.obj (.text:battNotifyLevel$29)
                  00007e34    00000070     sysbios.aem3 : BIOS.obj (.text:ti_sysbios_knl_Task_sleep__E)
                  00007ea4    0000006d                  : BIOS.obj (.text:xdc_runtime_System_formatNum__I)
                  00007f11    00000001     --HOLE-- [fill = 0]
                  00007f12    00000002                  : BIOS.obj (.text:ti_sysbios_BIOS_linkedWithIncorrectBootLibrary__E)
                  00007f14    0000006c     icall.obj (.text:ICall_createRemoteTasks)
                  00007f80    0000006c     drivers_cc26xxware.aem3 : PowerCC26XX.oem3 (.text:PowerCC26XX_calibrate)
                  00007fec    0000006c     SensorI2C.obj (.text:SensorI2C_select)
                  00008058    0000006c     UDMACC26XX.obj (.text:UDMACC26XX_open)
                  000080c4    0000006c     sysbios.aem3 : BIOS.obj (.text:xdc_runtime_Memory_alloc__E)
                  00008130    00000068     driverlib.lib : sys_ctrl.obj (.text:NOROM_SysCtrl_DCDC_VoltageConditionalControl)
                  00008198    00000068     RFCC26XX_singleMode.obj (.text:decActiveClientCnt$11)
                  00008200    00000068     rtsv7M3_T_le_eabi.lib : copy_decompress_lzss.obj (.text:decompress:lzss)
                  00008268    00000068     sysbios.aem3 : BIOS.obj (.text:ti_sysbios_knl_Clock_startI__E)
                  000082d0    00000068                  : BIOS.obj (.text:ti_sysbios_knl_Swi_restoreHwi__E)
                  00008338    00000064     I2CCC26XX.obj (.text:I2CCC26XX_close)
                  0000839c    00000064     PINCC26XX.obj (.text:PIN_add)
                  00008400    00000064     sysbios.aem3 : BIOS.obj (.text:ti_sysbios_knl_Semaphore_post__E)
                  00008464    00000060     gattservapp_util.obj (.text:GATTServApp_ProcessCCCWriteReq)
                  000084c4    00000060     icall.obj (.text:ICall_primEnroll$16)
                  00008524    00000060     drivers_cc26xxware.aem3 : PowerCC26XX_calibrateRCOSC.oem3 (.text:PowerCC26XX_RCOSC_clockFunc)
                  00008584    00000060                             : PowerCC26XX_calibrateRCOSC.oem3 (.text:updateSubSecInc)
                  000085e4    0000005c     ExtFlash.obj (.text:ExtFlash_waitReady$20)
                  00008640    0000005c     icall.obj (.text:ICall_primThreadServes$16)
                  0000869c    0000005c     driverlib.lib : osc.obj (.text:NOROM_OSCHF_AttemptToSwitchToXosc)
                  000086f8    0000005c                   : sys_ctrl.obj (.text:NOROM_SysCtrlAdjustRechargeAfterPowerDown)
                  00008754    0000005c     SensorMpu9250.obj (.text:SensorMpu9250_test)
                  000087b0    0000005c     battservice.obj (.text:battReadAttrCB$29)
                  0000880c    0000005c     RFCC26XX_singleMode.obj (.text:fsmXOSCState$11)
                  00008868    0000005c     sysbios.aem3 : BIOS.obj (.text:ti_sysbios_knl_Task_Module_startup__E)
                  000088c4    0000005c                  : BIOS.obj (.text:ti_sysbios_knl_Task_startCore__E)
                  00008920    0000005b                  : BIOS.obj (.text:xdc_runtime_Text_putLab__E)
                  0000897b    00000001     --HOLE-- [fill = 0]
                  0000897c    00000058     PINCC26XX.obj (.text:PIN_remove)
                  000089d4    00000058     drivers_cc26xxware.aem3 : PowerCC26XX_calibrateRCOSC.oem3 (.text:PowerCC26XX_initiateCalibration)
                  00008a2c    00000058     RFCC26XX_singleMode.obj (.text:RF_getCurrentTime)
                  00008a84    00000058     SPICC26XXDMA.obj (.text:SPICC26XXDMA_initHw$13)
                  00008adc    00000058     sensortag_keys.obj (.text:processGapStateChange$4)
                  00008b34    00000058     sysbios.aem3 : BIOS.obj (.text:ti_sysbios_family_arm_m3_Hwi_postInit__I)
                  00008b8c    00000058                  : BIOS.obj (.text:ti_sysbios_knl_Swi_Instance_init__E)
                  00008be4    00000058                  : BIOS.obj (.text:ti_sysbios_knl_Swi_run__I)
                  00008c3c    00000054     ExtFlash.obj (.text:ExtFlash_close)
                  00008c90    00000054     I2CCC26XX.obj (.text:I2CCC26XX_swiFxn$9)
                  00008ce4    00000054     icall.obj (.text:ICall_primFetchMsg$16)
                  00008d38    00000054     songburstservice.obj (.text:Song_setParameter)
                  00008d8c    00000054     drivers_cc26xxware.aem3 : PowerCC26XX.oem3 (.text:configureXOSCHF)
                  00008de0    00000054     RFCC26XX_singleMode.obj (.text:hwiFxnHw$11)
                  00008e34    00000054     RFCC26XX_singleMode.obj (.text:ratChanFree$11)
                  00008e88    00000054     rtsv7M3_T_le_eabi.lib : exit.obj (.text)
                  00008edc    00000054     sysbios.aem3 : BIOS.obj (.text:ti_sysbios_family_arm_m3_Hwi_dispatchC__I)
                  00008f30    00000054                  : BIOS.obj (.text:ti_sysbios_knl_Swi_schedule__I)
                  00008f84    00000052     icall.obj (.text:ICall_primWait$16)
                  00008fd6    00000052     SPICC26XXDMA.obj (.text:SPICC26XXDMA_swiFxn$13)
                  00009028    00000050     ECCROMCC26XX.obj (.text:ECCROMCC26XX_Params_init)
                  00009078    00000050     icall_api.obj (.text:GAP_UpdateAdvertisingData)
                  000090c8    00000050     icall.obj (.text:ICall_primRegisterApp$16)
                  00009118    00000050     RFCC26XX_singleMode.obj (.text:RF_getInfo)
                  00009168    00000050     sysbios.aem3 : BIOS.obj (.text:ti_sysbios_knl_Swi_runLoop__I)
                  000091b8    00000050                  : BIOS.obj (.text:xdc_runtime_Startup_exec__E)
                  00009208    0000004e     SensorOpt3001.obj (.text:SensorOpt3001_test)
                  00009256    0000004e     ccservice.obj (.text:ccService_ReadAttrCB$30)
                  000092a4    0000004e     ioservice.obj (.text:io_ReadAttrCB$34)
                  000092f2    00000002     app_ble_pem3.oem3 (.text:ti_sysbios_BIOS_nullFunc__I)
                  000092f4    0000004c     I2CCC26XX.obj (.text:I2CCC26XX_initHw$9)
                  00009340    0000004c     icall.obj (.text:ICall_newTask$16)
                  0000938c    0000004c     icall.obj (.text:ICall_primGetEntityId$16)
                  000093d8    0000004c     driverlib.lib : osc.obj (.text:NOROM_OSCClockSourceSet)
                  00009424    0000004c     util.obj (.text:Util_constructClock)
                  00009470    0000004c     battservice.obj (.text:battWriteAttrCB$29)
                  000094bc    0000004c     rtsv7M3_T_le_eabi.lib : cpy_tbl.obj (.text)
                  00009508    0000004c     RFCC26XX_singleMode.obj (.text:syncCb$11)
                  00009554    0000004c     sysbios.aem3 : m3_TaskSupport_asm.obj (.text:ti_sysbios_family_arm_m3_TaskSupport_buildTaskStack)
                  000095a0    0000004c                  : BIOS.obj (.text:ti_sysbios_knl_Task_schedule__I)
                  000095ec    0000004a     SensorOpt3001.obj (.text:SensorOpt3001_read)
                  00009636    00000002     sysbios.aem3 : BIOS.obj (.text:ti_sysbios_gates_GateHwi_Instance_init__E)
                  00009638    00000048     ECCROMCC26XX.obj (.text:ECC_initGlobals$7)
                  00009680    00000048     peripheral.obj (.text:GAPRole_TerminateConnection)
                  000096c8    00000048     driverlib.lib : chipinfo.obj (.text:NOROM_ChipInfo_GetChipFamily)
                  00009710    00000048                   : ddi.obj (.text:NOROM_DDI16BitfieldWrite)
                  00009758    00000048     icall_api.obj (.text:gattIndNoti$19)
                  000097a0    00000048     drivers_cc26xxware.aem3 : PowerCC26XX.oem3 (.text:notify)
                  000097e8    00000048     sysbios.aem3 : BIOS.obj (.text:ti_sysbios_family_arm_m3_Hwi_Module_startup__E)
                  00009830    00000048                  : m3_Hwi_asm_switch.obj (.text:ti_sysbios_family_arm_m3_Hwi_initStacks__E)
                  00009878    00000048     app_ble_pem3.oem3 (.text:ti_sysbios_hal_Hwi_create)
                  000098c0    00000048     sysbios.aem3 : BIOS.obj (.text:xdc_runtime_Core_assignParams__I)
                  00009908    00000048                  : BIOS.obj (.text:xdc_runtime_Core_constructObject__I)
                  00009950    00000044     PINCC26XX.obj (.text:PIN_swi$10)
                  00009994    00000044     SensorMpu9250.obj (.text:SensorMpu9250_accSetRange)
                  000099d8    00000044     sensortag_io.obj (.text:SensorTagIO_blinkLed)
                  00009a1c    00000044     sensortag_io.obj (.text:SensorTagIO_reset)
                  00009a60    00000044     boot.aem3 : boot.oem3 (.text)
                  00009aa4    00000044     icall_api.obj (.text:gapSendParamAndPtrCmd$19)
                  00009ae8    00000044     SensorMpu9250.obj (.text:sensorMpu9250SetBypass$24)
                  00009b2c    00000044     app_ble_pem3.oem3 (.text:ti_sysbios_family_arm_m3_Hwi_Object__create__S)
                  00009b70    00000044     sysbios.aem3 : BIOS.obj (.text:ti_sysbios_family_arm_m3_Hwi_disableInterrupt__E)
                  00009bb4    00000044                  : BIOS.obj (.text:ti_sysbios_family_arm_m3_Hwi_enableInterrupt__E)
                  00009bf8    00000044                  : BIOS.obj (.text:ti_sysbios_knl_Swi_post__E)
                  00009c3c    00000044                  : BIOS.obj (.text:ti_sysbios_knl_Task_allBlockedFunction__I)
                  00009c80    00000044     app_ble_pem3.oem3 (.text:ti_sysbios_knl_Task_create)
                  00009cc4    00000044     sysbios.aem3 : BIOS.obj (.text:xdc_runtime_Text_xprintf__I)
                  00009d08    00000042     icall.obj (.text:ICall_primCreateTask$16)
                  00009d4a    00000002     sysbios.aem3 : BIOS.obj (.text:ti_sysbios_knl_Clock_logTick__E)
                  00009d4c    00000040     ECCROMCC26XX.obj (.text:ECCROMCC26XX_init)
                  00009d8c    00000040     ExtFlash.obj (.text:ExtFlash_readInfo$20)
                  00009dcc    00000040     peripheral.obj (.text:GAPRole_createTask)
                  00009e0c    00000040     driverlib.lib : ddi.obj (.text:NOROM_DDI16BitfieldRead)
                  00009e4c    00000040     RFCC26XX_singleMode.obj (.text:RF_getRssi)
                  00009e8c    00000040     simplekeys.obj (.text:SK_readAttrCB$38)
                  00009ecc    00000040     SensorI2C.obj (.text:SensorI2C_read)
                  00009f0c    00000040     rtsv7M3_T_le_eabi.lib : u_divt2.obj (.text)
                  00009f4c    00000040     SensorMpu9250.obj (.text:sensorMpuSleep$24)
                  00009f8c    00000040     sysbios.aem3 : BIOS.obj (.text:ti_sysbios_family_arm_m3_Hwi_getStackInfo__E)
                  00009fcc    00000040                  : BIOS.obj (.text:xdc_runtime_HeapMin_alloc__E)
                  0000a00c    0000003c     icall_api.obj (.text:GAP_GetParamValue)
                  0000a048    0000003c     icall_api.obj (.text:GATTServApp_RegisterService)
                  0000a084    0000003c     icall_cc2650.obj (.text:ICallPlatform_pwrConfigACAction)
                  0000a0c0    0000003c     icall.obj (.text:ICall_primFetchServiceMsg$16)
                  0000a0fc    0000003c     driverlib.lib : osc.obj (.text:NOROM_OSC_HPOSCRelativeFrequencyOffsetGet)
                  0000a138    0000003c     sensortag.obj (.text:SensorTag_createTask)
                  0000a174    0000003c     RFCC26XX_singleMode.obj (.text:dispatchOpWhen$11)
                  0000a1b0    0000003c     RFCC26XX_singleMode.obj (.text:postDirImmCmd$11)
                  0000a1ec    0000003c     icall_api.obj (.text:profileSetParameter$19)
                  0000a228    0000003c     icall_api.obj (.text:sendWaitMatchCS$19)
                  0000a264    0000003c     icall_api.obj (.text:sendWaitMatchValueCS$19)
                  0000a2a0    0000003c     app_ble_pem3.oem3 (.text:ti_sysbios_family_arm_m3_Hwi_construct)
                  0000a2dc    0000003a     sysbios.aem3 : BIOS.obj (.text:ti_sysbios_knl_Task_exit__E)
                  0000a316    00000002                  : BIOS.obj (.text:ti_sysbios_knl_Clock_triggerFunc__I)
                  0000a318    00000038     icall.obj (.text:ICall_primGetMaxMSecs$16)
                  0000a350    00000038     SensorI2C.obj (.text:SensorI2C_write)
                  0000a388    00000038     SensorI2C.obj (.text:SensorI2C_writeRead)
                  0000a3c0    00000038     util.obj (.text:Util_restartClock)
                  0000a3f8    00000038     battservice.obj (.text:battMeasure$29)
                  0000a430    00000038     sysbios.aem3 : BIOS.obj (.text:ti_sysbios_family_arm_cc26xx_Timer_getCurrentTick__E)
                  0000a468    00000038                  : BIOS.obj (.text:ti_sysbios_family_arm_m3_Hwi_Instance_finalize__E)
                  0000a4a0    00000038                  : BIOS.obj (.text:ti_sysbios_knl_Clock_Instance_init__E)
                  0000a4d8    00000038     app_ble_pem3.oem3 (.text:ti_sysbios_knl_Clock_create)
                  0000a510    00000038     app_ble_pem3.oem3 (.text:ti_sysbios_knl_Swi_construct)
                  0000a548    00000038     app_ble_pem3.oem3 (.text:ti_sysbios_knl_Task_construct)
                  0000a580    00000038     sysbios.aem3 : BIOS.obj (.text:xdc_runtime_System_atexit__E)
                  0000a5b8    00000036     icall_api.obj (.text:waitMatchCS$19)
                  0000a5ee    00000002     sysbios.aem3 : BIOS.obj (.text:ti_sysbios_knl_Swi_Instance_finalize__E)
                  0000a5f0    00000034     icall_api.obj (.text:GAPBondMgr_SetParameter)
                  0000a624    00000034     peripheral.obj (.text:GAPRole_SendUpdateParam)
                  0000a658    00000034     icall_api.obj (.text:GAP_SetParamValue)
                  0000a68c    00000034     icall.obj (.text:ICall_primEntityId2ServiceId$16)
                  0000a6c0    00000034     icall.obj (.text:ICall_primRegisterISR$16)
                  0000a6f4    00000034     icall.obj (.text:ICall_primRegisterISR_Ext$16)
                  0000a728    00000034     icall.obj (.text:ICall_searchServiceEntity)
                  0000a75c    00000034     ioservice.obj (.text:Io_setParameter)
                  0000a790    00000034     driverlib.lib : ddi.obj (.text:NOROM_DDI32RegWrite)
                  0000a7c4    00000034                   : osc.obj (.text:NOROM_OSCHF_SwitchToRcOscTurnOffXosc)
                  0000a7f8    00000034     PINCC26XX.obj (.text:PIN_setOutputValue)
                  0000a82c    00000034     drivers_cc26xxware.aem3 : PowerCC26XX.oem3 (.text:PowerCC26XX_isStableXOSC_HF)
                  0000a860    00000034     RFCC26XX_singleMode.obj (.text:Q_push$11)
                  0000a894    00000034     RFCC26XX_singleMode.obj (.text:RF_runCmd)
                  0000a8c8    00000034     icall_api.obj (.text:osal_snv_read)
                  0000a8fc    00000034     icall_api.obj (.text:osal_snv_write)
                  0000a930    00000034     icall_api.obj (.text:profileAddService$19)
                  0000a964    00000034     sysbios.aem3 : BIOS.obj (.text:ti_sysbios_family_arm_cc26xx_Timer_initDevice__I)
                  0000a998    00000034     app_ble_pem3.oem3 (.text:ti_sysbios_knl_Clock_construct)
                  0000a9cc    00000034     app_ble_pem3.oem3 (.text:ti_sysbios_knl_Semaphore_create)
                  0000aa00    00000034     sysbios.aem3 : BIOS.obj (.text:ti_sysbios_knl_Swi_restore__E)
                  0000aa34    00000034                  : BIOS.obj (.text:ti_sysbios_knl_Task_blockI__E)
                  0000aa68    00000032     icall_api.obj (.text:gapSendParamsCmd$19)
                  0000aa9a    00000032     icall_api.obj (.text:gapSendPtrParamsCmd$19)
                  0000aacc    00000032     icall_api.obj (.text:matchGapSetGetParamCS$19)
                  0000aafe    00000032     icall_api.obj (.text:matchGattCmdStatus$19)
                  0000ab30    00000032     icall_api.obj (.text:matchUtilNvCS$19)
                  0000ab62    00000032     sysbios.aem3 : BIOS.obj (.text:ti_sysbios_family_arm_cc26xx_Timer_setNextTick__E)
                  0000ab94    00000030     icall_cc2650.obj (.text:ICallPlatform_pwrNotify$17)
                  0000abc4    00000030     icall_cc2650.obj (.text:ICallPlatform_pwrRegisterNotify)
                  0000abf4    00000030     icall.obj (.text:ICall_dispatch$16)
                  0000ac24    00000030     icall.obj (.text:ICall_msecs2Ticks$16)
                  0000ac54    00000030     icall.obj (.text:ICall_searchTask$16)
                  0000ac84    00000030     driverlib.lib : setup_rom.obj (.text:NOROM_SetupSetAonRtcSubSecInc)
                  0000acb4    00000030                   : trng.obj (.text:NOROM_TRNGConfigure)
                  0000ace4    00000030     PINCC26XX.obj (.text:PIN_setInterrupt)
                  0000ad14    00000030     drivers_cc26xxware.aem3 : PowerCC26XX.oem3 (.text:Power_releaseConstraint)
                  0000ad44    00000030                             : PowerCC26XX.oem3 (.text:Power_setConstraint)
                  0000ad74    00000030     ExtFlash.obj (.text:Spi_read$20)
                  0000ada4    00000030     ExtFlash.obj (.text:Spi_write$20)
                  0000add4    00000030     app_ble_pem3.oem3 (.text:ti_sysbios_BIOS_atExitFunc__I)
                  0000ae04    00000030     app_ble_pem3.oem3 (.text:ti_sysbios_BIOS_startFunc__I)
                  0000ae34    00000030     sysbios.aem3 : BIOS.obj (.text:ti_sysbios_family_arm_cc26xx_Timer_setThreshold__I)
                  0000ae64    00000030     app_ble_pem3.oem3 (.text:ti_sysbios_gates_GateHwi_Object__create__S)
                  0000ae94    00000030     app_ble_pem3.oem3 (.text:ti_sysbios_gates_GateMutex_Object__create__S)
                  0000aec4    00000030     sysbios.aem3 : BIOS.obj (.text:ti_sysbios_gates_GateMutex_enter__E)
                  0000aef4    00000030     app_ble_pem3.oem3 (.text:ti_sysbios_knl_Semaphore_construct)
                  0000af24    00000030     sysbios.aem3 : BIOS.obj (.text:ti_sysbios_knl_Task_processVitalTaskFlag__I)
                  0000af54    00000030     app_ble_pem3.oem3 (.text:xdc_runtime_HeapMin_Object__create__S)
                  0000af84    00000030     sysbios.aem3 : BIOS.obj (.text:xdc_runtime_HeapMin_free__E)
                  0000afb4    00000030                  : BIOS.obj (.text:xdc_runtime_System_processAtExit__E)
                  0000afe4    0000002f                  : BIOS.obj (.text:xdc_runtime_Text_printVisFxn__I)
                  0000b013    00000001     --HOLE-- [fill = 0]
                  0000b014    0000002e     icall_cc2650.obj (.text:ICallPlatform_pwrDispenseImpl$17)
                  0000b042    0000002e     icall_cc2650.obj (.text:ICallPlatform_pwrRequireImpl$17)
                  0000b070    0000002e     simplekeys.obj (.text:SK_writeAttrCB$38)
                  0000b09e    0000002e     SensorOpt3001.obj (.text:SensorOpt3001_enable)
                  0000b0cc    0000002e     sysbios.aem3 : BIOS.obj (.text:ti_sysbios_family_arm_m3_TaskSupport_start__E)
                  0000b0fa    0000002e                  : BIOS.obj (.text:ti_sysbios_hal_Hwi_initStack)
                  0000b128    0000002c     icall.obj (.text:ICall_heapFree)
                  0000b154    0000002c     icall.obj (.text:ICall_msgEnqueue$16)
                  0000b180    0000002c     icall.obj (.text:ICall_primAllocMsg$16)
                  0000b1ac    0000002c     icall_api.obj (.text:ICall_sendServiceMsg$19)
                  0000b1d8    0000002c     PINCC26XX.obj (.text:PINCC26XX_setMux)
                  0000b204    0000002c     PINCC26XX.obj (.text:PIN_setConfig)
                  0000b230    0000002c     sensortag_song_burst.obj (.text:SensorTagSong_reset)
                  0000b25c    0000002c     RFCC26XX_singleMode.obj (.text:getCmd$11)
                  0000b288    0000002c     icall_api.obj (.text:matchProfileAddServiceCS$19)
                  0000b2b4    0000002c     sysbios.aem3 : BIOS.obj (.text:ti_sysbios_knl_Clock_getTicksUntilInterrupt__E)
                  0000b2e0    0000002c     app_ble_pem3.oem3 (.text:ti_sysbios_knl_Queue_construct)
                  0000b30c    0000002c     sysbios.aem3 : BIOS.obj (.text:ti_sysbios_knl_Semaphore_pendTimeout__I)
                  0000b338    0000002c                  : BIOS.obj (.text:ti_sysbios_knl_Task_unblockI__E)
                  0000b364    0000002c     st_util.obj (.text:utilExtractUuid16)
                  0000b390    0000002a     icall_api.obj (.text:ICall_waitMatch$19)
                  0000b3ba    0000002a     icall_api.obj (.text:matchProfileCS$19)
                  0000b3e4    0000002a     sysbios.aem3 : BIOS.obj (.text:xdc_runtime_System_putchar__I)
                  0000b40e    00000002                  : BIOS.obj (.text:xdc_runtime_Error_policySpin__E)
                  0000b410    00000028     ccservice.obj (.text:CcService_setParameter)
                  0000b438    00000028     driverlib.lib : aon_batmon.obj (.text:NOROM_AONBatMonTemperatureGetDegC)
                  0000b460    00000028                   : rfc.obj (.text:NOROM_RFCDoorbellSendTo)
                  0000b488    00000028     drivers_cc26xxware.aem3 : PowerCC26XX.oem3 (.text:PowerCC26XX_switchXOSC_HF)
                  0000b4b0    00000028                             : PowerCC26XX.oem3 (.text:Power_registerNotify)
                  0000b4d8    00000028     simplekeys.obj (.text:SK_SetParameter)
                  0000b500    00000028     SPICC26XXDMA.obj (.text:SPICC26XXDMA_flushFifos$13)
                  0000b528    00000028     driverlib.lib : adi.obj (.text:SafeHapiVoid)
                  0000b550    00000028     SensorI2C.obj (.text:SensorI2C_writeReg)
                  0000b578    00000028     sensortag_batt.obj (.text:SensorTagBatt_reset)
                  0000b5a0    00000028     songburstservice.obj (.text:Song_getParameter)
                  0000b5c8    00000028     TRNGCC26XX.obj (.text:TRNGCC26XX_init)
                  0000b5f0    00000028     RFCC26XX_singleMode.obj (.text:clkPowerUpFxn$11)
                  0000b618    00000028     sysbios.aem3 : BIOS.obj (.text:ti_sysbios_knl_Clock_addI__E)
                  0000b640    00000028                  : BIOS.obj (.text:ti_sysbios_knl_Task_restore__E)
                  0000b668    00000026     drivers_cc26xxware.aem3 : List.oem3 (.text:List_put)
                  0000b68e    00000026     sysbios.aem3 : BIOS.obj (.text:ti_sysbios_hal_Hwi_Instance_init__E)
                  0000b6b4    00000024     I2C.obj (.text:I2C_open)
                  0000b6d8    00000024     icall_api.obj (.text:ICall_getLocalMsgEntityId$19)
                  0000b6fc    00000024     drivers_cc26xxware.aem3 : PowerCC26XX_calibrateRCOSC.oem3 (.text:getTdcSemaphore)
                  0000b720    00000024     RFCC26XX_singleMode.obj (.text:hwiFxnCpe0PowerFsm$11)
                  0000b744    00000024     app_ble_pem3.oem3 (.text:ti_sysbios_BIOS_registerRTSLock__I)
                  0000b768    00000024     app_ble_pem3.oem3 (.text:ti_sysbios_BIOS_removeRTSLock__I)
                  0000b78c    00000024     sysbios.aem3 : BIOS.obj (.text:ti_sysbios_family_arm_cc26xx_Timer_Module_startup__E)
                  0000b7b0    00000024                  : BIOS.obj (.text:ti_sysbios_family_arm_cc26xx_Timer_getMaxTicks__E)
                  0000b7d4    00000024                  : BIOS.obj (.text:ti_sysbios_family_arm_cc26xx_Timer_startup__E)
                  0000b7f8    00000024                  : BIOS.obj (.text:ti_sysbios_knl_Semaphore_Instance_init__E)
                  0000b81c    00000024                  : BIOS.obj (.text:ti_sysbios_knl_Swi_Module_startup__E)
                  0000b840    00000024                  : BIOS.obj (.text:xdc_runtime_System_vprintf__E)
                  0000b864    00000022                  : BIOS.obj (.text:ti_sysbios_family_arm_cc26xx_Timer_postInit__I)
                  0000b886    00000002                  : BIOS.obj (.text:xdc_runtime_SysCallback_defaultAbort)
                  0000b888    00000020     gattservapp_util.obj (.text:GATTServApp_InitCharCfg)
                  0000b8a8    00000020     icall_api.obj (.text:ICall_allocMsg$19)
                  0000b8c8    00000020     icall_api.obj (.text:ICall_getEntityId$19)
                  0000b8e8    00000020     icall.obj (.text:ICall_primService$16)
                  0000b908    00000020     drivers_cc26xxware.aem3 : PowerCC26XX.oem3 (.text:Power_unregisterNotify)
                  0000b928    00000020     sensortag_song_burst.obj (.text:SensorTagSong_processInterrupt$5)
                  0000b948    00000020     gattservapp_util.obj (.text:gattServApp_FindCharCfgItem$33)
                  0000b968    00000020     sensortag_song_burst.obj (.text:initCharacteristicValue$5)
                  0000b988    00000020     app_ble_pem3.oem3 (.text:ti_sysbios_BIOS_rtsLock__I)
                  0000b9a8    00000020     sysbios.aem3 : BIOS.obj (.text:ti_sysbios_family_arm_cc26xx_Timer_dynamicStub__E)
                  0000b9c8    00000020                  : m3_Hwi_asm.obj (.text:ti_sysbios_family_arm_m3_Hwi_excHandlerAsm__I)
                  0000b9e8    00000020                  : BIOS.obj (.text:ti_sysbios_family_arm_m3_Hwi_excHandler__I)
                  0000ba08    00000020                  : BIOS.obj (.text:ti_sysbios_knl_Clock_Module_startup__E)
                  0000ba28    00000020                  : BIOS.obj (.text:ti_sysbios_knl_Clock_getTicks__E)
                  0000ba48    00000020                  : BIOS.obj (.text:ti_sysbios_knl_Clock_stop__E)
                  0000ba68    00000020                  : BIOS.obj (.text:ti_sysbios_knl_Idle_run__E)
                  0000ba88    00000020     app_ble_pem3.oem3 (.text:ti_sysbios_knl_Semaphore_Object__destruct__S)
                  0000baa8    00000020     sysbios.aem3 : BIOS.obj (.text:ti_sysbios_knl_Task_restoreHwi__E)
                  0000bac8    00000020                  : BIOS.obj (.text:xdc_runtime_Registry_findById__E)
                  0000bae8    0000001e     ECCROMCC26XX.obj (.text:ECC_ArrayAllZeros)
                  0000bb06    0000001e     icall.obj (.text:ICall_primSendServiceMsg$16)
                  0000bb24    0000001e     PINCC26XX.obj (.text:PIN_close)
                  0000bb42    0000001e     drivers_cc26xxware.aem3 : PowerCC26XX.oem3 (.text:Power_getTransitionLatency)
                  0000bb60    0000001e     sysbios.aem3 : m3_Hwi_asm_switch.obj (.text:ti_sysbios_family_xxx_Hwi_switchAndRunFunc)
                  0000bb7e    00000002                  : BIOS.obj (.text:xdc_runtime_SysCallback_defaultExit)
                  0000bb80    0000001c     icall_api.obj (.text:GATT_bm_alloc)
                  0000bb9c    0000001c     icall_api.obj (.text:GATT_bm_free)
                  0000bbb8    0000001c     driverlib.lib : osc.obj (.text:NOROM_OSCClockSourceGet)
                  0000bbd4    0000001c     PINCC26XX.obj (.text:PINCC26XX_setIoCfgMux$10)
                  0000bbf0    0000001c     PINCC26XX.obj (.text:PIN_hwi$10)
                  0000bc0c    0000001c     RFCC26XX_singleMode.obj (.text:RF_runDirectCmd)
                  0000bc28    0000001c     RFCC26XX_singleMode.obj (.text:RF_runImmediateCmd)
                  0000bc44    0000001c     TRNGCC26XX.obj (.text:TRNGCC26XX_open)
                  0000bc60    0000001c     icall_api.obj (.text:getStatusValueFromErrNo$19)
                  0000bc7c    0000001c     TRNGCC26XX.obj (.text:openTRNG)
                  0000bc98    0000001c     app_ble_pem3.oem3 (.text:ti_sysbios_family_arm_m3_Hwi_Object__destruct__S)
                  0000bcb4    0000001c     sysbios.aem3 : BIOS.obj (.text:ti_sysbios_family_arm_m3_Hwi_setPriority__E)
                  0000bcd0    0000001c                  : BIOS.obj (.text:ti_sysbios_gates_GateMutex_Instance_init__E)
                  0000bcec    0000001c     app_ble_pem3.oem3 (.text:ti_sysbios_hal_Hwi_HwiProxy_create)
                  0000bd08    0000001c     sysbios.aem3 : BIOS.obj (.text:ti_sysbios_knl_Clock_scheduleNextTick__E)
                  0000bd24    0000001c     app_ble_pem3.oem3 (.text:ti_sysbios_knl_Queue_Object__destruct__S)
                  0000bd40    0000001c     sysbios.aem3 : BIOS.obj (.text:ti_sysbios_knl_Queue_get__E)
                  0000bd5c    0000001c                  : BIOS.obj (.text:ti_sysbios_knl_Queue_put__E)
                  0000bd78    0000001c     app_ble_pem3.oem3 (.text:ti_sysbios_knl_Swi_Object__destruct__S)
                  0000bd94    0000001c     sysbios.aem3 : BIOS.obj (.text:ti_sysbios_knl_Task_enter__I)
                  0000bdb0    0000001c                  : BIOS.obj (.text:xdc_runtime_Error_check__E)
                  0000bdcc    0000001c                  : BIOS.obj (.text:xdc_runtime_Error_raiseX__E)
                  0000bde8    0000001c                  : BIOS.obj (.text:xdc_runtime_Memory_valloc__E)
                  0000be04    0000001c                  : BIOS.obj (.text:xdc_runtime_System_abort__E)
                  0000be20    0000001a     icall_api.obj (.text:GATT_Notification)
                  0000be3a    0000001a     icall.obj (.text:ICall_enterCSImpl)
                  0000be54    0000001a     icall.obj (.text:ICall_primSetTimerMSecs$16)
                  0000be6e    0000001a     drivers_cc26xxware.aem3 : List.oem3 (.text:List_remove)
                  0000be88    0000001a     icall_api.obj (.text:matchGattIndNotiCS$19)
                  0000bea2    0000001a     sysbios.aem3 : m3_Hwi_asm.obj (.text:ti_sysbios_family_arm_m3_Hwi_pendSV__I)
                  0000bebc    0000001a                  : BIOS.obj (.text:ti_sysbios_knl_Task_sleepTimeout__I)
                  0000bed6    0000001a     app_ble_pem3.oem3 (.text:xdc_runtime_System_printf__E)
                  0000bef0    00000018     I2C.obj (.text:I2C_Params_init)
                  0000bf08    00000018     icall_cc2650.obj (.text:ICallPlatform_pwrDispense)
                  0000bf20    00000018     icall_cc2650.obj (.text:ICallPlatform_pwrRequire)
                  0000bf38    00000018     util.obj (.text:ICall_free$6)
                  0000bf50    00000018     icall_api.obj (.text:ICall_freeMsg$19)
                  0000bf68    00000018     icall.obj (.text:ICall_primMalloc$16)
                  0000bf80    00000018     ioservice.obj (.text:Io_getParameter)
                  0000bf98    00000018     driverlib.lib : aon_rtc.obj (.text:NOROM_AONRTCCurrentCompareValueGet)
                  0000bfb0    00000018                   : chipinfo.obj (.text:NOROM_ChipInfo_GetPackageType)
                  0000bfc8    00000018                   : osc.obj (.text:NOROM_OSCHF_TurnOnXosc)
                  0000bfe0    00000018                   : rfc.obj (.text:NOROM_RFCCpeIntGetAndClear)
                  0000bff8    00000018     drivers_cc26xxware.aem3 : PowerCC26XX.oem3 (.text:Power_idleFunc)
                  0000c010    00000018     RFCC26XX_singleMode.obj (.text:Q_pop$11)
                  0000c028    00000018     sensortag_batt.obj (.text:SensorTagBatt_clockHandler$1)
                  0000c040    00000018     sensortag_song_burst.obj (.text:SensorTagSong_clockHandler$5)
                  0000c058    00000018     sensortag.obj (.text:SensorTag_clockHandler$0)
                  0000c070    00000018     sensortag.obj (.text:SensorTag_updateAdvertisingData)
                  0000c088    00000018     drivers_cc26xxware.aem3 : PowerCC26XX.oem3 (.text:configureRFCoreClocks)
                  0000c0a0    00000018     peripheral.obj (.text:gapRole_setEvent$37)
                  0000c0b8    00000018     rtsv7M3_T_le_eabi.lib : args_main.obj (.text)
                  0000c0d0    00000018                           : ll_mul_t2.obj (.text)
                  0000c0e8    00000018     RFCC26XX_singleMode.obj (.text:swiFxnFsm$11)
                  0000c100    00000018     app_ble_pem3.oem3 (.text:ti_sysbios_BIOS_rtsUnlock__I)
                  0000c118    00000018     app_ble_pem3.oem3 (.text:ti_sysbios_family_arm_cc26xx_Timer_Module__startupDone__F)
                  0000c130    00000018     app_ble_pem3.oem3 (.text:ti_sysbios_family_arm_m3_Hwi_Module__startupDone__F)
                  0000c148    00000018     sysbios.aem3 : BIOS.obj (.text:ti_sysbios_family_arm_m3_Hwi_plug__E)
                  0000c160    00000018                  : BIOS.obj (.text:ti_sysbios_gates_GateMutex_leave__E)
                  0000c178    00000018                  : BIOS.obj (.text:ti_sysbios_knl_Swi_or__E)
                  0000c190    00000018                  : BIOS.obj (.text:ti_sysbios_knl_Task_unblock__E)
                  0000c1a8    00000018                  : BIOS.obj (.text:xdc_runtime_Core_destructObject__I)
                  0000c1c0    00000018                  : BIOS.obj (.text:xdc_runtime_System_exit__E)
                  0000c1d8    00000016     main.obj (.text:AssertHandler)
                  0000c1ee    00000016     icall.obj (.text:ICall_leaveCSImpl)
                  0000c204    00000016     icall.obj (.text:ICall_primStopTimer$16)
                  0000c21a    00000016     ble_user_config.obj (.text:driverTable_fnSpinlock)
                  0000c230    00000016     app_ble_pem3.oem3 (.text:ti_sysbios_BIOS_exitFunc__I)
                  0000c246    00000016     sysbios.aem3 : BIOS.obj (.text:ti_sysbios_knl_Clock_start__E)
                  0000c25c    00000014     driverlib.lib : aon_rtc.obj (.text:NOROM_AONRTCCurrent64BitValueGet)
                  0000c270    00000014     PINCC26XX.obj (.text:PINCC26XX_getInputValue$10)
                  0000c284    00000014     PINCC26XX.obj (.text:PINCC26XX_getOutputValue$10)
                  0000c298    00000014     SensorMpu9250.obj (.text:SensorMpu9250_Callback$24)
                  0000c2ac    00000014     SensorMpu9250.obj (.text:SensorMpu9250_powerIsOn)
                  0000c2c0    00000014     sensortag_keys.obj (.text:SensorTagKeys_reset)
                  0000c2d4    00000014     sensortag.obj (.text:SensorTag_resetAllModules$0)
                  0000c2e8    00000014     SensorUtil.obj (.text:SensorUtil_convertToLe)
                  0000c2fc    00000014     rtsv7M3_T_le_eabi.lib : _lock.obj (.text)
                  0000c310    00000014                           : strlen.obj (.text)
                  0000c324    00000014     icall_api.obj (.text:setICallCmdEvtHdr$19)
                  0000c338    00000014     app_ble_pem3.oem3 (.text:ti_sysbios_family_arm_m3_Hwi_Object__get__S)
                  0000c34c    00000014     sysbios.aem3 : BIOS.obj (.text:ti_sysbios_family_arm_m3_Hwi_switchFromBootStack__E)
                  0000c360    00000014     app_ble_pem3.oem3 (.text:ti_sysbios_knl_Clock_doTick__I)
                  0000c374    00000014     app_ble_pem3.oem3 (.text:ti_sysbios_knl_Swi_Object__get__S)
                  0000c388    00000012     gattservapp_util.obj (.text:GATTServApp_FindAttr)
                  0000c39a    00000012     RFCC26XX_singleMode.obj (.text:RF_getCmdOp)
                  0000c3ac    00000012     sysbios.aem3 : BIOS.obj (.text:ti_sysbios_hal_Hwi_Module_startup__E)
                  0000c3be    00000012     app_ble_pem3.oem3 (.text:xdc_runtime_Startup_exec__I)
                  0000c3d0    00000010     icall_api.obj (.text:GAP_EndDiscoverable)
                  0000c3e0    00000010     gattservapp_util.obj (.text:GATTServApp_ReadCharCfg)
                  0000c3f0    00000010     icall_cc2650.obj (.text:ICallPlatform_pwrGetXOSCStartupTime)
                  0000c400    00000010     icall.obj (.text:ICall_primGetTickPeriod$16)
                  0000c410    00000010     icall.obj (.text:ICall_taskEntry$16)
                  0000c420    00000010     util.obj (.text:Util_isActive)
                  0000c430    00000010     ExtFlash.obj (.text:extFlashDeselect$20)
                  0000c440    00000010     ExtFlash.obj (.text:extFlashSelect$20)
                  0000c450    00000010     I2CCC26XX.obj (.text:i2cPostNotify$9)
                  0000c460    00000010     sysbios.aem3 : BIOS.obj (.text:ti_sysbios_BIOS_exit__E)
                  0000c470    00000010                  : BIOS.obj (.text:ti_sysbios_BIOS_getCpuFreq__E)
                  0000c480    00000010                  : BIOS.obj (.text:ti_sysbios_BIOS_setThreadType__E)
                  0000c490    00000010                  : BIOS.obj (.text:ti_sysbios_BIOS_start__E)
                  0000c4a0    00000010                  : BIOS.obj (.text:ti_sysbios_family_arm_m3_Hwi_post__E)
                  0000c4b0    00000010                  : m3_TaskSupport_asm.obj (.text:ti_sysbios_family_arm_m3_TaskSupport_glue)
                  0000c4c0    00000010                  : m3_TaskSupport_asm.obj (.text:ti_sysbios_family_arm_m3_TaskSupport_swap__E)
                  0000c4d0    00000010     app_ble_pem3.oem3 (.text:ti_sysbios_hal_Hwi_HwiProxy_Object__create__S)
                  0000c4e0    00000010     sysbios.aem3 : BIOS.obj (.text:ti_sysbios_knl_Semaphore_Instance_finalize__E)
                  0000c4f0    00000010                  : BIOS.obj (.text:ti_sysbios_knl_Swi_disable__E)
                  0000c500    00000010                  : BIOS.obj (.text:ti_sysbios_knl_Swi_enabled__E)
                  0000c510    00000010     app_ble_pem3.oem3 (.text:ti_sysbios_knl_Task_Object__get__S)
                  0000c520    00000010     sysbios.aem3 : BIOS.obj (.text:ti_sysbios_knl_Task_disable__E)
                  0000c530    00000010                  : BIOS.obj (.text:xdc_runtime_Gate_leaveSystem__E)
                  0000c540    00000010                  : BIOS.obj (.text:xdc_runtime_SysCallback_abort__E)
                  0000c550    00000010                  : BIOS.obj (.text:xdc_runtime_SysCallback_exit__E)
                  0000c560    00000010                  : BIOS.obj (.text:xdc_runtime_SysCallback_flush__E)
                  0000c570    00000010                  : BIOS.obj (.text:xdc_runtime_SysCallback_putch__E)
                  0000c580    00000010                  : BIOS.obj (.text:xdc_runtime_SysCallback_ready__E)
                  0000c590    00000010                  : BIOS.obj (.text:xdc_runtime_System_vsnprintf__E)
                  0000c5a0    0000000e     icall_cc2650.obj (.text:ICallPlatform_pwrGetTransitionState)
                  0000c5ae    0000000e     icall_cc2650.obj (.text:ICallPlatform_pwrIsStableXOSCHF)
                  0000c5bc    0000000e     icall.obj (.text:ICall_primDisableMInt$16)
                  0000c5ca    0000000e     icall.obj (.text:ICall_primEnableMInt$16)
                  0000c5d8    0000000e     icall.obj (.text:ICall_primFreeMsg$16)
                  0000c5e6    0000000e     icall.obj (.text:ICall_primGetTicks$16)
                  0000c5f4    0000000e     driverlib.lib : vims.obj (.text:NOROM_VIMSModeGet)
                  0000c602    0000000e     SPICC26XXDMA.obj (.text:SPICC26XXDMA_init)
                  0000c610    0000000e     SensorI2C.obj (.text:SensorI2C_readReg)
                  0000c61e    0000000e     rtsv7M3_T_le_eabi.lib : copy_decompress_none.obj (.text:decompress:none)
                  0000c62c    0000000e     icall_api.obj (.text:matchGSARegisterServiceCS$19)
                  0000c63a    0000000e     icall_api.obj (.text:matchGapLinkEstCS$19)
                  0000c648    0000000e     icall_api.obj (.text:matchLinkDBNumConnsCS$19)
                  0000c656    0000000e     icall_api.obj (.text:setDispatchCmdEvtHdr$19)
                  0000c664    0000000e     sysbios.aem3 : BIOS.obj (.text:ti_sysbios_knl_Queue_empty__E)
                  0000c672    0000000e                  : BIOS.obj (.text:ti_sysbios_knl_Queue_remove__E)
                  0000c680    0000000e                  : BIOS.obj (.text:xdc_runtime_HeapMin_Instance_init__E)
                  0000c68e    00000002                  : BIOS.obj (.text:xdc_runtime_SysCallback_defaultFlush)
                  0000c690    0000000c     RFCC26XX_singleMode.obj (.text:FsmNextState$11)
                  0000c69c    0000000c     icall.obj (.text:ICall_clockFunc$16)
                  0000c6a8    0000000c     icall.obj (.text:ICall_primDisableInt$16)
                  0000c6b4    0000000c     icall.obj (.text:ICall_primEnableInt$16)
                  0000c6c0    0000000c     icall.obj (.text:ICall_primFree$16)
                  0000c6cc    0000000c     icall.obj (.text:ICall_primSignal$16)
                  0000c6d8    0000000c     driverlib.lib : cpu.obj (.text:NOROM_CPUcpsid)
                  0000c6e4    0000000c                   : cpu.obj (.text:NOROM_CPUcpsie)
                  0000c6f0    0000000c     drivers_cc26xxware.aem3 : PowerCC26XX.oem3 (.text:Power_getConstraintMask)
                  0000c6fc    0000000c                             : PowerCC26XX.oem3 (.text:Power_getDependencyCount)
                  0000c708    0000000c                             : PowerCC26XX.oem3 (.text:Power_getTransitionState)
                  0000c714    0000000c     SensorI2C.obj (.text:SensorI2C_deselect)
                  0000c720    0000000c     sensortag.obj (.text:SensorTag_testResult)
                  0000c72c    0000000c     rtsv7M3_T_le_eabi.lib : copy_zero_init.obj (.text:decompress:ZI)
                  0000c738    0000000c     icall_api.obj (.text:matchProfileSetParamCS$19)
                  0000c744    0000000c     SPICC26XXDMA.obj (.text:spiPostNotify$13)
                  0000c750    0000000c     sysbios.aem3 : BIOS.obj (.text:ti_sysbios_BIOS_getThreadType__E)
                  0000c75c    0000000c     app_ble_pem3.oem3 (.text:ti_sysbios_family_arm_m3_Hwi_Params__init__S)
                  0000c768    0000000c     sysbios.aem3 : BIOS.obj (.text:ti_sysbios_family_arm_m3_Hwi_disableFxn__E)
                  0000c774    0000000c                  : BIOS.obj (.text:ti_sysbios_family_arm_m3_Hwi_enableFxn__E)
                  0000c780    0000000c                  : BIOS.obj (.text:ti_sysbios_family_arm_m3_TaskSupport_getStackAlignment__E)
                  0000c78c    0000000c                  : BIOS.obj (.text:ti_sysbios_gates_GateHwi_enter__E)
                  0000c798    0000000c     app_ble_pem3.oem3 (.text:ti_sysbios_hal_Hwi_Params__init__S)
                  0000c7a4    0000000c     app_ble_pem3.oem3 (.text:ti_sysbios_knl_Clock_Params__init__S)
                  0000c7b0    0000000c     app_ble_pem3.oem3 (.text:ti_sysbios_knl_Queue_Object__get__S)
                  0000c7bc    0000000c     sysbios.aem3 : BIOS.obj (.text:ti_sysbios_knl_Queue_dequeue__E)
                  0000c7c8    0000000c                  : BIOS.obj (.text:ti_sysbios_knl_Queue_enqueue__E)
                  0000c7d4    0000000c     app_ble_pem3.oem3 (.text:ti_sysbios_knl_Semaphore_Params__init__S)
                  0000c7e0    0000000c     app_ble_pem3.oem3 (.text:ti_sysbios_knl_Swi_Params__init__S)
                  0000c7ec    0000000c     sysbios.aem3 : BIOS.obj (.text:ti_sysbios_knl_Swi_getTrigger__E)
                  0000c7f8    0000000c     app_ble_pem3.oem3 (.text:ti_sysbios_knl_Task_Params__init__S)
                  0000c804    0000000c     sysbios.aem3 : BIOS.obj (.text:ti_sysbios_knl_Task_self__E)
                  0000c810    0000000c                  : BIOS.obj (.text:xdc_runtime_Gate_enterSystem__E)
                  0000c81c    0000000c                  : BIOS.obj (.text:xdc_runtime_HeapMin_getStats__E)
                  0000c828    0000000c                  : BIOS.obj (.text:xdc_runtime_Memory_calloc__E)
                  0000c834    0000000c                  : BIOS.obj (.text:xdc_runtime_Memory_getMaxDefaultTypeAlign__E)
                  0000c840    0000000c                  : BIOS.obj (.text:xdc_runtime_Startup_rtsDone__E)
                  0000c84c    0000000a     I2CCC26XX.obj (.text:I2CCC26XX_init)
                  0000c856    0000000a     I2C.obj (.text:I2C_close)
                  0000c860    0000000a     I2C.obj (.text:I2C_transfer)
                  0000c86a    0000000a     icall_cc2650.obj (.text:ICallPlatform_pwrSwitchXOSCHF)
                  0000c874    0000000a     icall.obj (.text:ICall_primE2S$16)
                  0000c87e    0000000a     drivers_cc26xxware.aem3 : List.oem3 (.text:List_empty)
                  0000c888    0000000a     SPI.obj (.text:SPI_transfer)
                  0000c892    0000000a     sensortag.obj (.text:SensorTag_charValueChangeCB)
                  0000c89c    0000000a     sensortag.obj (.text:SensorTag_stateChangeCB$0)
                  0000c8a6    0000000a     UDMACC26XX.obj (.text:UDMACC26XX_hwiIntFxn)
                  0000c8b0    0000000a     app_ble_pem3.oem3 (.text:xdc_runtime_IHeap_alloc)
                  0000c8ba    00000008     I2CCC26XX.obj (.text:I2CCC26XX_blockingCallback$9)
                  0000c8c2    00000008     RFCC26XX_singleMode.obj (.text:RF_flushCmd)
                  0000c8ca    00000008     SPICC26XXDMA.obj (.text:SPICC26XXDMA_transferCallback$13)
                  0000c8d2    00000008     sensortag_io.obj (.text:ioChangeCB$3)
                  0000c8da    00000008     sensortag_song_burst.obj (.text:sensorChangeCB$5)
                  0000c8e2    00000008     sensortag_batt.obj (.text:sensorConfigChangeCB$1)
                  0000c8ea    00000008     sysbios.aem3 : BIOS.obj (.text:ti_sysbios_family_arm_m3_Hwi_doSwiRestore__I)
                  0000c8f2    00000008                  : BIOS.obj (.text:ti_sysbios_family_arm_m3_Hwi_startup__E)
                  0000c8fa    00000008                  : BIOS.obj (.text:ti_sysbios_knl_Idle_loop__E)
                  0000c902    00000008     app_ble_pem3.oem3 (.text:xdc_runtime_Text_visitRope__I)
                  0000c90a    00000006     I2CCC26XX.obj (.text:I2CCC26XX_control)
                  0000c910    00000006     driverlib.lib : cpu.obj (.text:NOROM_CPUdelay)
                  0000c916    00000006     PINCC26XX.obj (.text:PIN_registerIntCb)
                  0000c91c    00000006     RFCC26XX_singleMode.obj (.text:clkInactivityFxn$11)
                  0000c922    00000006     icall_api.obj (.text:matchBondMgrSetParamCS$19)
                  0000c928    00000006     icall_api.obj (.text:matchGGSSetParamCS$19)
                  0000c92e    00000006     icall_api.obj (.text:matchGapConnParamUpdateReplyCS$19)
                  0000c934    00000006     icall_api.obj (.text:matchGapDeviceInitCS$19)
                  0000c93a    00000006     icall_api.obj (.text:matchGapEndDiscoverableCS$19)
                  0000c940    00000006     icall_api.obj (.text:matchGapGetParamCS$19)
                  0000c946    00000006     icall_api.obj (.text:matchGapMakeDiscoverableCS$19)
                  0000c94c    00000006     icall_api.obj (.text:matchGapSetParamCS$19)
                  0000c952    00000006     icall_api.obj (.text:matchGapTerminateAuthCS$19)
                  0000c958    00000006     icall_api.obj (.text:matchGapTerminateLinkReqCS$19)
                  0000c95e    00000006     icall_api.obj (.text:matchGapUpdateAdvDataCS$19)
                  0000c964    00000006     icall_api.obj (.text:matchGapUpdateLinkParamReqCS$19)
                  0000c96a    00000006     icall_api.obj (.text:matchUtilNvReadCS$19)
                  0000c970    00000006     icall_api.obj (.text:matchUtilNvWriteCS$19)
                  0000c976    00000006     sysbios.aem3 : BIOS.obj (.text:ti_sysbios_family_arm_m3_Hwi_doTaskRestore__I)
                  0000c97c    00000006                  : BIOS.obj (.text:ti_sysbios_family_arm_m3_Hwi_restoreFxn__E)
                  0000c982    00000006                  : BIOS.obj (.text:ti_sysbios_family_arm_m3_Hwi_setFunc__E)
                  0000c988    00000006                  : BIOS.obj (.text:ti_sysbios_gates_GateHwi_leave__E)
                  0000c98e    00000006                  : BIOS.obj (.text:ti_sysbios_knl_Queue_Instance_init__E)
                  0000c994    00000006                  : BIOS.obj (.text:ti_sysbios_knl_Queue_elemClear__E)
                  0000c99a    00000006                  : BIOS.obj (.text:ti_sysbios_knl_Swi_startup__E)
                  0000c9a0    00000006                  : BIOS.obj (.text:ti_sysbios_knl_Task_enable__E)
                  0000c9a6    00000006                  : BIOS.obj (.text:xdc_runtime_System_Module_startup__E)
                  0000c9ac    00000004     tirtosport.aem3 : HwiP_tirtos.oem3 (.text:HwiP_disable)
                  0000c9b0    00000004     icall.obj (.text:ICall_primAbort$16)
                  0000c9b4    00000004     drivers_cc26xxware.aem3 : List.oem3 (.text:List_head)
                  0000c9b8    00000004                             : List.oem3 (.text:List_next)
                  0000c9bc    00000004     RFCC26XX_singleMode.obj (.text:Q_peek$11)
                  0000c9c0    00000004     util.obj (.text:Util_startClock)
                  0000c9c4    00000004     util.obj (.text:Util_stopClock)
                  0000c9c8    00000004     drivers_cc26xxware.aem3 : PowerCC26XX.oem3 (.text:nopResourceHandler)
                  0000c9cc    00000004     app_ble_pem3.oem3 (.text:ti_sysbios_BIOS_RtsGateProxy_enter__E)
                  0000c9d0    00000004     app_ble_pem3.oem3 (.text:ti_sysbios_BIOS_RtsGateProxy_leave__E)
                  0000c9d4    00000004     sysbios.aem3 : BIOS.obj (.text:ti_sysbios_family_arm_cc26xx_Timer_getCount64__E)
                  0000c9d8    00000004                  : BIOS.obj (.text:ti_sysbios_family_arm_cc26xx_Timer_setPeriod__E)
                  0000c9dc    00000004     app_ble_pem3.oem3 (.text:ti_sysbios_family_arm_m3_Hwi_destruct)
                  0000c9e0    00000004     app_ble_pem3.oem3 (.text:ti_sysbios_family_arm_m3_TaskSupport_Module__startupDone__S)
                  0000c9e4    00000004     sysbios.aem3 : BIOS.obj (.text:ti_sysbios_gates_GateHwi_query__E)
                  0000c9e8    00000004                  : BIOS.obj (.text:ti_sysbios_gates_GateMutex_query__E)
                  0000c9ec    00000004     app_ble_pem3.oem3 (.text:ti_sysbios_knl_Clock_TimerProxy_getCurrentTick__E)
                  0000c9f0    00000004     app_ble_pem3.oem3 (.text:ti_sysbios_knl_Clock_TimerProxy_getMaxTicks__E)
                  0000c9f4    00000004     app_ble_pem3.oem3 (.text:ti_sysbios_knl_Clock_TimerProxy_setNextTick__E)
                  0000c9f8    00000004     sysbios.aem3 : BIOS.obj (.text:ti_sysbios_knl_Clock_isActive__E)
                  0000c9fc    00000004                  : BIOS.obj (.text:ti_sysbios_knl_Clock_removeI__E)
                  0000ca00    00000004                  : BIOS.obj (.text:ti_sysbios_knl_Clock_setPeriod__E)
                  0000ca04    00000004                  : BIOS.obj (.text:ti_sysbios_knl_Clock_setTimeout__E)
                  0000ca08    00000004     app_ble_pem3.oem3 (.text:ti_sysbios_knl_Queue_destruct)
                  0000ca0c    00000004     sysbios.aem3 : BIOS.obj (.text:ti_sysbios_knl_Queue_head__E)
                  0000ca10    00000004                  : BIOS.obj (.text:ti_sysbios_knl_Queue_next__E)
                  0000ca14    00000004     app_ble_pem3.oem3 (.text:ti_sysbios_knl_Semaphore_destruct)
                  0000ca18    00000004     app_ble_pem3.oem3 (.text:ti_sysbios_knl_Swi_destruct)
                  0000ca1c    00000004     sysbios.aem3 : BIOS.obj (.text:ti_sysbios_knl_Swi_postInit__I)
                  0000ca20    00000004                  : BIOS.obj (.text:ti_sysbios_knl_Task_startup__E)
                  0000ca24    00000004                  : BIOS.obj (.text:xdc_runtime_HeapMin_isBlocking__E)
                  0000ca28    00000004                  : BIOS.obj (.text:xdc_runtime_SysCallback_defaultReady)
                  0000ca2c    00000004     app_ble_pem3.oem3 (.text:xdc_runtime_System_Module_GateProxy_enter__E)
                  0000ca30    00000004     app_ble_pem3.oem3 (.text:xdc_runtime_System_Module_GateProxy_leave__E)
                  0000ca34    00000004     sysbios.aem3 : BIOS.obj (.text:xdc_runtime_System_printf_va__F)
                  0000ca38    00000002                  : BIOS.obj (.text:xdc_runtime_SysCallback_defaultPutch)
                  0000ca3a    00000002                  : BIOS.obj (.text:xdc_runtime_System_abortSpin__E)
                  0000ca3c    00000002                  : BIOS.obj (.text:xdc_runtime_System_exitSpin__E)
                  0000ca3e    00000002     --HOLE-- [fill = 0]
                  0000ca40    00000008     common_rom.symbols (.tramp.eccRom_genKeys.1)
                  0000ca48    00000008     common_rom.symbols (.tramp.eccRom_genSharedSecret.1)

.const     0    0000ca50    0000099c     
                  0000ca50    000000cc     icall.obj (.const:$O13$$)
                  0000cb1c    00000068     board.obj (.const:BoardGpioInitTable)
                  0000cb84    0000004c     drivers_cc26xxware.aem3 : PowerCC26XX.oem3 (.const:resourceDB)
                  0000cbd0    0000004c     ble_user_config.obj (.const:rfDriverTable)
                  0000cc1c    00000040     ECCROMCC26XX.obj (.const:$O8$$)
                  0000cc5c    0000003c     sensortag.obj (.const:$O2$$)
                  0000cc98    0000003c     app_ble_pem3.oem3 (.const:ti_sysbios_knl_Task_Object__PARAMS__C)
                  0000ccd4    00000038     SPICC26XXDMA.obj (.const:$O11$$)
                  0000cd0c    00000038     board.obj (.const:spiCC26XXDMAHWAttrs)
                  0000cd44    00000030     app_ble_pem3.oem3 (.const:ti_sysbios_family_arm_m3_Hwi_Object__PARAMS__C)
                  0000cd74    0000002c     gatt_uuid.obj (.const:$O25$$)
                  0000cda0    0000002c     app_ble_pem3.oem3 (.const:ti_sysbios_hal_Hwi_Object__PARAMS__C)
                  0000cdcc    00000028     app_ble_pem3.oem3 (.const:ti_sysbios_knl_Swi_Object__PARAMS__C)
                  0000cdf4    00000028     app_ble_pem3.oem3 (.const:xdc_runtime_HeapMin_Module__FXNS__C)
                  0000ce1c    00000027     ble_user_config.obj (.const:txPowerTable)
                  0000ce43    00000001     app_ble_pem3.oem3 (.const:xdc_runtime_Error_policy__C)
                  0000ce44    00000024     board.obj (.const:SPI_config)
                  0000ce68    00000024     app_ble_pem3.oem3 (.const:ti_sysbios_gates_GateHwi_Module__FXNS__C)
                  0000ce8c    00000024     app_ble_pem3.oem3 (.const:ti_sysbios_gates_GateMutex_Module__FXNS__C)
                  0000ceb0    00000024     app_ble_pem3.oem3 (.const:ti_sysbios_knl_Clock_Object__PARAMS__C)
                  0000ced4    00000024     app_ble_pem3.oem3 (.const:ti_sysbios_knl_Semaphore_Object__PARAMS__C)
                  0000cef8    00000020     SPI.obj (.const:SPI_defaultParams)
                  0000cf18    00000020     app_ble_pem3.oem3 (.const:ti_sysbios_family_arm_m3_Hwi_Object__DESC__C)
                  0000cf38    00000020     app_ble_pem3.oem3 (.const:ti_sysbios_gates_GateHwi_Object__DESC__C)
                  0000cf58    00000020     app_ble_pem3.oem3 (.const:ti_sysbios_gates_GateMutex_Object__DESC__C)
                  0000cf78    00000020     app_ble_pem3.oem3 (.const:ti_sysbios_hal_Hwi_Object__DESC__C)
                  0000cf98    00000020     app_ble_pem3.oem3 (.const:ti_sysbios_knl_Clock_Object__DESC__C)
                  0000cfb8    00000020     app_ble_pem3.oem3 (.const:ti_sysbios_knl_Queue_Object__DESC__C)
                  0000cfd8    00000020     app_ble_pem3.oem3 (.const:ti_sysbios_knl_Semaphore_Object__DESC__C)
                  0000cff8    00000020     app_ble_pem3.oem3 (.const:ti_sysbios_knl_Swi_Object__DESC__C)
                  0000d018    00000020     app_ble_pem3.oem3 (.const:ti_sysbios_knl_Task_Object__DESC__C)
                  0000d038    00000020     app_ble_pem3.oem3 (.const:xdc_runtime_HeapMin_Object__DESC__C)
                  0000d058    00000020     app_ble_pem3.oem3 (.const:xdc_runtime_HeapMin_Object__PARAMS__C)
                  0000d078    0000001c     SPICC26XXDMA.obj (.const:SPICC26XXDMA_fxnTable)
                  0000d094    0000001c     app_ble_pem3.oem3 (.const:xdc_runtime_Startup_sfxnTab__A)
                  0000d0b0    00000018     I2CCC26XX.obj (.const:I2CCC26XX_fxnTable)
                  0000d0c8    00000018     board.obj (.const:I2C_config)
                  0000d0e0    00000018     board.obj (.const:i2cCC26xxHWAttrs)
                  0000d0f8    00000018     app_ble_pem3.oem3 (.const:ti_sysbios_gates_GateHwi_Object__PARAMS__C)
                  0000d110    00000018     app_ble_pem3.oem3 (.const:ti_sysbios_gates_GateMutex_Object__PARAMS__C)
                  0000d128    00000018     app_ble_pem3.oem3 (.const:ti_sysbios_knl_Queue_Object__PARAMS__C)
                  0000d140    00000014     RFCC26XX_singleMode.obj (.const:RF_defaultParams$11)
                  0000d154    00000010     ccservice.obj (.const:.string:ccServiceServUUID)
                  0000d164    00000010     ccservice.obj (.const:.string:ccServicechar1UUID)
                  0000d174    00000010     ccservice.obj (.const:.string:ccServicechar2UUID)
                  0000d184    00000010     ccservice.obj (.const:.string:ccServicechar3UUID)
                  0000d194    00000010     ioservice.obj (.const:.string:ioConfUUID)
                  0000d1a4    00000010     ioservice.obj (.const:.string:ioDataUUID)
                  0000d1b4    00000010     ioservice.obj (.const:.string:ioServUUID)
                  0000d1c4    00000010     songburstservice.obj (.const:.string:sensorCfgUUID$39)
                  0000d1d4    00000010     songburstservice.obj (.const:.string:sensorDataUUID$39)
                  0000d1e4    00000010     songburstservice.obj (.const:.string:sensorServiceUUID$39)
                  0000d1f4    00000010     I2C.obj (.const:I2C_defaultParams)
                  0000d204    00000010     board.obj (.const:PowerCC26XX_config)
                  0000d214    00000010     board.obj (.const:TRNGCC26XX_config)
                  0000d224    00000010     board.obj (.const:UDMACC26XX_config)
                  0000d234    00000010     ble_user_config.obj (.const:eccDriverTable)
                  0000d244    0000000e     app_ble_pem3.oem3 (.const:xdc_runtime_Startup_sfxnRts__A)
                  0000d252    00000002     battservice.obj (.const:.string:battLevelUUID)
                  0000d254    0000000c     battservice.obj (.const:battCBs)
                  0000d260    0000000c     devinfoservice.obj (.const:devInfoCBs)
                  0000d26c    0000000c     ioservice.obj (.const:ioCBs)
                  0000d278    0000000c     songburstservice.obj (.const:sensorCBs$39)
                  0000d284    0000000c     simplekeys.obj (.const:skCBs)
                  0000d290    0000000c     ble_user_config.obj (.const:trngDriverTable)
                  0000d29c    00000008     ExtFlash.obj (.const:$O17$$)
                  0000d2a4    00000008     battservice.obj (.const:battService$29)
                  0000d2ac    00000008     I2CCC26XX.obj (.const:bitRate$9)
                  0000d2b4    00000008     ccservice.obj (.const:ccServiceService$30)
                  0000d2bc    00000008     devinfoservice.obj (.const:devInfoService$31)
                  0000d2c4    00000008     ioservice.obj (.const:ioService$34)
                  0000d2cc    00000008     songburstservice.obj (.const:sensorService$39)
                  0000d2d4    00000008     simplekeys.obj (.const:skService$38)
                  0000d2dc    00000008     app_ble_pem3.oem3 (.const:ti_sysbios_knl_Idle_funcList__C)
                  0000d2e4    00000008     board.obj (.const:udmaHWAttrs)
                  0000d2ec    00000008     app_ble_pem3.oem3 (.const:xdc_runtime_Startup_firstFxns__A)
                  0000d2f4    00000008     app_ble_pem3.oem3 (.const:xdc_runtime_Startup_firstFxns__C)
                  0000d2fc    00000008     app_ble_pem3.oem3 (.const:xdc_runtime_Startup_lastFxns__C)
                  0000d304    00000006     ble_user_config.obj (.const:txPwrTbl)
                  0000d30a    00000002     battservice.obj (.const:.string:battServUUID)
                  0000d30c    00000004     board.obj (.const:TRNGCC26XXHWAttrs)
                  0000d310    00000004     icall_cc2650.obj (.const:events$1$17)
                  0000d314    00000004     app_ble_pem3.oem3 (.const:ti_sysbios_family_arm_cc26xx_Timer_startupNeeded__C)
                  0000d318    00000004     app_ble_pem3.oem3 (.const:ti_sysbios_family_arm_m3_Hwi_E_alreadyDefined__C)
                  0000d31c    00000004     app_ble_pem3.oem3 (.const:ti_sysbios_family_arm_m3_Hwi_NUM_INTERRUPTS__C)
                  0000d320    00000004     app_ble_pem3.oem3 (.const:ti_sysbios_family_arm_m3_Hwi_Object__count__C)
                  0000d324    00000004     app_ble_pem3.oem3 (.const:ti_sysbios_family_arm_m3_Hwi_ccr__C)
                  0000d328    00000004     app_ble_pem3.oem3 (.const:ti_sysbios_family_arm_m3_Hwi_excHandlerFunc__C)
                  0000d32c    00000004     app_ble_pem3.oem3 (.const:ti_sysbios_family_arm_m3_Hwi_nullIsrFunc__C)
                  0000d330    00000004     app_ble_pem3.oem3 (.const:ti_sysbios_family_arm_m3_Hwi_priGroup__C)
                  0000d334    00000004     app_ble_pem3.oem3 (.const:ti_sysbios_family_arm_m3_TaskSupport_stackAlignment__C)
                  0000d338    00000004     app_ble_pem3.oem3 (.const:ti_sysbios_gates_GateMutex_Instance_State_sem__O)
                  0000d33c    00000004     app_ble_pem3.oem3 (.const:ti_sysbios_knl_Clock_Module_State_clockQ__O)
                  0000d340    00000004     app_ble_pem3.oem3 (.const:ti_sysbios_knl_Clock_tickPeriod__C)
                  0000d344    00000004     app_ble_pem3.oem3 (.const:ti_sysbios_knl_Clock_triggerClock__C)
                  0000d348    00000004     app_ble_pem3.oem3 (.const:ti_sysbios_knl_Idle_funcList__A)
                  0000d34c    00000004     app_ble_pem3.oem3 (.const:ti_sysbios_knl_Semaphore_Instance_State_pendQ__O)
                  0000d350    00000004     app_ble_pem3.oem3 (.const:ti_sysbios_knl_Swi_Object__count__C)
                  0000d354    00000004     app_ble_pem3.oem3 (.const:ti_sysbios_knl_Task_Module_State_inactiveQ__O)
                  0000d358    00000004     app_ble_pem3.oem3 (.const:ti_sysbios_knl_Task_Object__count__C)
                  0000d35c    00000004     app_ble_pem3.oem3 (.const:ti_sysbios_knl_Task_allBlockedFunc__C)
                  0000d360    00000004     app_ble_pem3.oem3 (.const:ti_sysbios_knl_Task_defaultStackHeap__C)
                  0000d364    00000004     app_ble_pem3.oem3 (.const:ti_sysbios_knl_Task_defaultStackSize__C)
                  0000d368    00000004     app_ble_pem3.oem3 (.const:ti_sysbios_knl_Task_numConstructedTasks__C)
                  0000d36c    00000004     app_ble_pem3.oem3 (.const:xdc_runtime_Error_E_memory__C)
                  0000d370    00000004     app_ble_pem3.oem3 (.const:xdc_runtime_Error_policyFxn__C)
                  0000d374    00000004     app_ble_pem3.oem3 (.const:xdc_runtime_HeapMin_E_freeError__C)
                  0000d378    00000004     app_ble_pem3.oem3 (.const:xdc_runtime_IGateProvider_Interface__BASE__C)
                  0000d37c    00000004     app_ble_pem3.oem3 (.const:xdc_runtime_IHeap_Interface__BASE__C)
                  0000d380    00000004     app_ble_pem3.oem3 (.const:xdc_runtime_IModule_Interface__BASE__C)
                  0000d384    00000004     app_ble_pem3.oem3 (.const:xdc_runtime_Memory_defaultHeapInstance__C)
                  0000d388    00000004     app_ble_pem3.oem3 (.const:xdc_runtime_Startup_execImpl__C)
                  0000d38c    00000004     app_ble_pem3.oem3 (.const:xdc_runtime_Startup_maxPasses__C)
                  0000d390    00000004     app_ble_pem3.oem3 (.const:xdc_runtime_Startup_sfxnRts__C)
                  0000d394    00000004     app_ble_pem3.oem3 (.const:xdc_runtime_Startup_sfxnTab__C)
                  0000d398    00000004     app_ble_pem3.oem3 (.const:xdc_runtime_SysCallback_abortFxn__C)
                  0000d39c    00000004     app_ble_pem3.oem3 (.const:xdc_runtime_SysCallback_exitFxn__C)
                  0000d3a0    00000004     app_ble_pem3.oem3 (.const:xdc_runtime_SysCallback_flushFxn__C)
                  0000d3a4    00000004     app_ble_pem3.oem3 (.const:xdc_runtime_SysCallback_putchFxn__C)
                  0000d3a8    00000004     app_ble_pem3.oem3 (.const:xdc_runtime_SysCallback_readyFxn__C)
                  0000d3ac    00000004     app_ble_pem3.oem3 (.const:xdc_runtime_System_Module__gateObj__C)
                  0000d3b0    00000004     app_ble_pem3.oem3 (.const:xdc_runtime_System_abortFxn__C)
                  0000d3b4    00000004     app_ble_pem3.oem3 (.const:xdc_runtime_System_exitFxn__C)
                  0000d3b8    00000004     app_ble_pem3.oem3 (.const:xdc_runtime_System_extendFxn__C)
                  0000d3bc    00000004     app_ble_pem3.oem3 (.const:xdc_runtime_System_maxAtexitHandlers__C)
                  0000d3c0    00000004     app_ble_pem3.oem3 (.const:xdc_runtime_Text_visitRopeFxn__C)
                  0000d3c4    00000002     devinfoservice.obj (.const:.string:devInfo11073CertUUID)
                  0000d3c6    00000002     devinfoservice.obj (.const:.string:devInfoFirmwareRevUUID)
                  0000d3c8    00000002     devinfoservice.obj (.const:.string:devInfoHardwareRevUUID)
                  0000d3ca    00000002     devinfoservice.obj (.const:.string:devInfoMfrNameUUID)
                  0000d3cc    00000002     devinfoservice.obj (.const:.string:devInfoModelNumberUUID)
                  0000d3ce    00000002     devinfoservice.obj (.const:.string:devInfoPnpIdUUID)
                  0000d3d0    00000002     devinfoservice.obj (.const:.string:devInfoSerialNumberUUID)
                  0000d3d2    00000002     devinfoservice.obj (.const:.string:devInfoServUUID)
                  0000d3d4    00000002     devinfoservice.obj (.const:.string:devInfoSoftwareRevUUID)
                  0000d3d6    00000002     devinfoservice.obj (.const:.string:devInfoSystemIdUUID)
                  0000d3d8    00000002     simplekeys.obj (.const:.string:keyPressedUUID)
                  0000d3da    00000002     simplekeys.obj (.const:.string:skServUUID)
                  0000d3dc    00000002     SensorI2C.obj (.const:pinCfg1$23)
                  0000d3de    00000002     app_ble_pem3.oem3 (.const:ti_sysbios_family_arm_m3_Hwi_Module__id__C)
                  0000d3e0    00000002     app_ble_pem3.oem3 (.const:xdc_runtime_HeapMin_Module__id__C)
                  0000d3e2    00000002     app_ble_pem3.oem3 (.const:xdc_runtime_HeapMin_freeError__C)
                  0000d3e4    00000002     app_ble_pem3.oem3 (.const:xdc_runtime_Memory_Module__id__C)
                  0000d3e6    00000002     app_ble_pem3.oem3 (.const:xdc_runtime_Text_isLoaded__C)
                  0000d3e8    00000002     app_ble_pem3.oem3 (.const:xdc_runtime_Text_registryModsLastId__C)
                  0000d3ea    00000002     app_ble_pem3.oem3 (.const:xdc_runtime_Text_unnamedModsLastId__C)

.cinit     0    0000d3f0    00000500     
                  0000d3f0    00000495     (.cinit..data.load) [load image, compression = lzss]
                  0000d885    00000003     --HOLE-- [fill = 0]
                  0000d888    0000000c     (__TI_handler_table)
                  0000d894    00000004     --HOLE-- [fill = 0]
                  0000d898    00000008     (.cinit..TI.bound:dmaSpi0RxControlTableEntry$13.load) [load image, compression = zero_init]
                  0000d8a0    00000008     (.cinit..TI.bound:dmaSpi0TxControlTableEntry$13.load) [load image, compression = zero_init]
                  0000d8a8    00000008     (.cinit..TI.bound:dmaSpi1RxControlTableEntry$13.load) [load image, compression = zero_init]
                  0000d8b0    00000008     (.cinit..TI.bound:dmaSpi1TxControlTableEntry$13.load) [load image, compression = zero_init]
                  0000d8b8    00000008     (.cinit..bss.load) [load image, compression = zero_init]
                  0000d8c0    00000030     (__TI_cinit_table)

.init_array 
*          0    00001010    00000000     UNINITIALIZED

.resetVecs 
[...]
0000d3cc  devInfoModelNumberUUID                                     
0000d3ce  devInfoPnpIdUUID                                           
0000d3d0  devInfoSerialNumberUUID                                    
0000d3d2  devInfoServUUID                                            
0000d3d4  devInfoSoftwareRevUUID                                     
0000d3d6  devInfoSystemIdUUID                                        
0000d3d8  keyPressedUUID                                             
0000d3da  skServUUID                                                 
0000d3de  ti_sysbios_family_arm_m3_Hwi_Module__id__C                 
0000d3e0  xdc_runtime_HeapMin_Module__id__C                          
0000d3e2  xdc_runtime_HeapMin_freeError__C                           
0000d3e4  xdc_runtime_Memory_Module__id__C                           
0000d3e6  xdc_runtime_Text_isLoaded__C                               
0000d3e8  xdc_runtime_Text_registryModsLastId__C                     
0000d3ea  xdc_runtime_Text_unnamedModsLastId__C                      
0000d3f0  __TI_static_base__                                         
0000d888  __TI_Handler_Table_Base                                    
0000d894  __TI_Handler_Table_Limit                                   
0000d8c0  __TI_CINIT_Base                                            
0000d8f0  __TI_CINIT_Limit                                           
0000e0ea  __checksum_value_CommonROM                                 
10014c00  A1_rw                                                      
10014c00  __checksum_begin_CommonROM                                 
10014c01  COMMON_ROM_BASE_ADDR                                       
10014c04  P1_ro                                                      
10014c05  SCALARMUL_init                                             
10014ced  SCALARMUL_core                                             
10015019  SCALARMUL_final                                            
100150e5  SCALARMUL                                                  
10015101  SAVEPOINT                                                  
10015141  GETBIT                                                     
10015155  GETDIGIT                                                   
100151a5  GETDIGITL2R                                                
10015215  SelectReg                                                  
10015229  ATOMICPATTERN                                              
100154f5  JACADD                                                     
1001568d  INVERT                                                     
10015821  SQUAREMULTIPLYWORD                                         
1001588c  LUTOPCODE                                                  
10015894  LUTOPSIGN                                                  
100158ac  LUTC                                                       
100158c4  LUTSE                                                      
100158dc  LUTINCI                                                    
100158f4  LUTJ                                                       
1001596c  LUTSTATE                                                   
100159a9  IMPORTLENGTH                                               
100159ad  IMPORTMODULUS                                              
100159d1  IMPORTOPERAND                                              
10015a11  EXPORTOPERAND                                              
10015a35  IMPORTDATA                                                 
10015a51  SETOPERAND                                                 
10015a6d  COPY                                                       
10015a85  ZERO                                                       
10015a91  SETWORD                                                    
10015a9d  mSET                                                       
10015bcd  zSET                                                       
10015bd5  mINVK                                                      
10015d19  zADD                                                       
10015d5d  zSUB                                                       
10015de9  zMACC32                                                    
10015e69  zSUB32                                                     
10015eb5  zADD32                                                     
10015f0d  zMULT32                                                    
10015f81  mMULT                                                      
10016551  mADD                                                       
1001664d  mSUB                                                       
10016749  mOUT                                                       
10016975  ssp_KeyInit_Sw                                             
10016979  sspAesEncrypt_Sw                                           
10016985  sspKeyExpansion_Sw                                         
10016a99  sspAesEncryptKeyExp_Sw                                     
10016af5  sspAesEncryptBasic_Sw                                      
10016b79  RoundKey_Sw                                                
10016c29  AddRoundKeySubBytes_Sw                                     
10016c45  ShiftRows_Sw                                               
10016c79  MixColumns_Sw                                              
10016d05  FFMult_Sw                                                  
10016d29  sspAesDecrypt_Sw                                           
10016da1  InvAddRoundKey_Sw                                          
10016dc9  InvRoundKey_Sw                                             
10016e8d  InvSubBytes_Sw                                             
10016ea1  InvShiftRows_Sw                                            
10016ed5  InvMixColumns_Sw                                           
10016f58  FFMult2                                                    
10017058  FFMult3                                                    
10017158  RCon                                                       
10017164  Sbox                                                       
10017264  InvSbox                                                    
10017365  SSP_CCM_Auth_Sw                                            
100174fd  SSP_CCM_Encrypt_Sw                                         
100175ed  SSP_CTR_Encrypt_Sw                                         
1001767d  SSP_CCM_Decrypt_Sw                                         
10017771  SSP_CTR_Decrypt_Sw                                         
10017839  SSP_CCM_InvAuth_Sw                                         
10017895  SSP_CCM_Auth_Encrypt_Sw                                    
100178f5  SSP_CCM_InvAuth_Decrypt_Sw                                 
10017959  ECC_allocWorkzone                                          
10017961  ECC_setWin                                                 
10017969  ECDSA_sign                                                 
10017b01  ECDSA_verif                                                
10017dbd  eccRom_genKeys                                             
10017ded  eccRom_genSharedSecret                                     
10017e39  SHA256_updateW                                             
10017e75  SHA256_round                                               
10017ef1  SHA256_nextState                                           
10017f49  SHA256_saveBuffer                                          
10017ffd  SHA256_init                                                
10018019  SHA256_process                                             
10018089  SHA256_final                                               
10018129  SHA256_full                                                
100182ad  RFHAL_InitRfHal                                            
10018315  RFHAL_AllocRatChan                                         
1001833d  RFHAL_FreeRatChan                                          
10018369  RFHAL_MapRatChansToInt                                     
10018391  RFHAL_RegisterRatChanCallback                              
100183b9  RFHAL_InitDataQueue                                        
100183c5  RFHAL_QueueRFDataEntries                                   
10018415  RFHAL_AddTxDataEntry                                       
10018485  RFHAL_FreeNextTxDataEntry                                  
100184a9  RFHAL_AllocDataEntryQueue                                  
100184c5  RFHAL_FreeDataEntryQueue                                   
100184cd  RFHAL_GetNextDataEntry                                     
100184d1  RFHAL_GetTempDataEntry                                     
100184d5  RFHAL_NextDataEntryDone                                    
100184f9  RFHAL_AllocDataEntry                                       
10018549  RFHAL_FreeDataEntry                                        
10018551  RFHAL_BuildRingBuffer                                      
100185e1  RFHAL_BuildDataEntryRingBuffer                             
10018669  RFHAL_BuildLinkedBuffer                                    
10018755  MB_Init                                                    
10018799  MB_EnableInts                                              
100187f5  MB_DisableInts                                             
10018825  MB_ClearInts                                               
10018835  MB_EnableHWInts                                            
10018865  MB_SendCommand                                             
100188a5  MB_SendCommandSynch                                        
10018935  MB_ReadMailboxStatus                                       
1001893d  MB_RegisterIsrCback                                        
10018945  MB_FwDebugDump                                             
10018949  mbCmdAckIsr                                                
1001895d  mbCpe0Isr                                                  
10018985  mbCpe1Isr                                                  
100189e5  mbHwIsr                                                    
10018a19  AesCcm_authEncrypt_Sw                                      
10018a35  AesCcm_decryptAuth_Sw                                      
10018a99  Aes_encrypt_Sw                                             
10018ac5  Aes_decrypt_Sw                                             
10018b09  AesCcm_getNumBlocks_Sw                                     
10018b0c  NIST_Curve_P256_p                                          
10018b30  NIST_Curve_P256_r                                          
10018b54  NIST_Curve_P256_a                                          
10018b78  NIST_Curve_P256_b                                          
10018b9c  NIST_Curve_P256_Gx                                         
10018bc0  NIST_Curve_P256_Gy                                         
10018ced  __exit                                                     
10018d6c  Fill1                                                      
10019ffc  A3_rw                                                      
10019ffd  __checksum_end_CommonROM                                   
10019ffe  A2_rw                                                      
10019ffe  P1_ro_2                                                    
10019ffe  __checksum_CommonROM                                       
20000000  ti_sysbios_family_arm_m3_Hwi_ramVectors                    
20000520  gapProfileState                                            
20000521  selfEntityMain                                             
20000528  sem                                                        
2000052c  hGpioPin                                                   
20000548  pinGpioState                                               
20000968  linkDBNumConns                                             
20000a7c  gapRoleTask                                                
20000acc  gapRoleTaskStack                                           
200014c4  PowerCC26XX_module                                         
200015d4  ICall_dispatcher                                           
200015dc  ICall_enterCriticalSection                                 
200015e0  ICall_leaveCriticalSection                                 
200015f8  HEAPMGR_SIZE                                               
20001914  rfRegTbl                                                   
2000196c  ti_sysbios_knl_Task_Object__table__V                       
200019b8  ti_sysbios_family_arm_cc26xx_Timer_Object__table__V        
20001a00  ti_sysbios_knl_Task_Module__state__V                       
20001a78  ti_sysbios_family_arm_m3_Hwi_Module__state__V              
20001aac  ti_sysbios_knl_Swi_Module_State_0_readyQ__A                
20001adc  ti_sysbios_knl_Swi_Object__table__V                        
20001b0c  ti_sysbios_knl_Task_Module_State_0_readyQ__A               
20001b3c  user0Cfg                                                   
20001b98  ti_sysbios_knl_Clock_Module__state__V                      
20001bcc  K2_mont                                                    
20001bec  ti_sysbios_BIOS_Module__state__V                           
20001c10  ti_sysbios_knl_Clock_Object__table__V                      
20001c30  ti_sysbios_gates_GateMutex_Object__table__V                
20001c4c  ti_sysbios_knl_Swi_Module__state__V                        
20001c68  ti_sysbios_family_arm_m3_Hwi_Object__table__V              
20001c90  xdc_runtime_HeapMin_Object__table__V                       
20001ca0  __TI_cleanup_ptr                                           
20001ca4  __TI_dtors_ptr                                             
20001ca8  __TI_enable_exit_profile_output                            
20001cac  lastAppOpcodeSent                                          
20001cb0  pfnBMAlloc                                                 
20001cb4  pfnBMFree                                                  
20001ccc  _lock                                                      
20001cd0  _unlock                                                    
20001ce4  ti_sysbios_family_arm_cc26xx_Timer_Module__state__V        
20001cec  ti_sysbios_family_arm_m3_Hwi_Module__root__V               
20001cf4  ti_sysbios_gates_GateHwi_Module__root__V                   
20001cfc  ti_sysbios_gates_GateMutex_Module__root__V                 
20001d04  ti_sysbios_hal_Hwi_Module__root__V                         
20001d0c  ti_sysbios_knl_Clock_Module__root__V                       
20001d14  ti_sysbios_knl_Queue_Module__root__V                       
20001d1c  ti_sysbios_knl_Semaphore_Module__root__V                   
20001d24  ti_sysbios_knl_Swi_Module__root__V                         
20001d2c  ti_sysbios_knl_Task_Module__root__V                        
20001d34  xdc_runtime_HeapMin_Module__root__V                        
20001d3c  xdc_runtime_Registry_Module__state__V                      
20001d44  xdc_runtime_Startup_Module__state__V                       
20001d4c  xdc_runtime_System_Module__state__V                        
20001d58  appAssertCback                                             
20001d5c  main_func_sp                                               
20001d60  ti_sysbios_family_arm_m3_Hwi_Module_State_0_excContext__A  
20001d64  ti_sysbios_family_arm_m3_Hwi_Module_State_0_excStack__A    
20001d68  ti_sysbios_gates_GateHwi_Object__table__V                  
20001d6c  ti_sysbios_knl_Task_Module_State_0_idleTask__A             
20001d70  xdc_runtime_Memory_Module__state__V                        
20001d78  ti_sysbios_family_arm_m3_Hwi_Module_State_0_excActive__A   
20001d80  xdc_runtime_HeapMin_Instance_State_0_buf__A                
20002404  trngCC26XXObjects                                          
20002408  ti_sysbios_knl_Task_Instance_State_0_stack__A              
20002608  spiCC26XXDMAObjects                                        
200027c0  PIN_NumPins                                                
20002854  PIN_HandleTable                                            
200028d0  i2cCC26xxObjects                                           
200029b0  ti_sysbios_family_arm_m3_Hwi_dispatchTable                 
20002af0  udmaObjects                                                
20002b49  driverlib_release_0_47020                                  
20002b4a  heapStart                                                  
20004128  __stack                                                    
20004128  heapEnd                                                    
20004328  __STACK_END                                                
20004328  __STACK_TOP                                                
20004f2c  A4_rw                                                      
20004f2c  COMMON_RAM_BASE_ADDR                                       
20004f40  P2_rw                                                      
20004f40  P2_s0                                                      
20004f40  eccRom_windowSize                                          
20004f44  eccRom_workzone                                            
20004f48  eccRom_param_p                                             
20004f4c  eccRom_param_r                                             
20004f50  eccRom_param_a                                             
20004f54  inScalar                                                   
20004f58  inPointX                                                   
20004f5c  inPointY                                                   
20004f60  outPointX                                                  
20004f64  outPointY                                                  
20004f68  SCAL                                                       
20004f6c  EXPX                                                       
20004f70  EXPY                                                       
20004f74  EXPZ                                                       
20004f78  EXPW                                                       
20004f7c  ACCX                                                       
20004f80  ACCY                                                       
20004f84  ACCZ                                                       
20004f88  TMP1                                                       
20004f8c  TMP2                                                       
20004f90  TMP3                                                       
20004f94  TMP4                                                       
20004f98  TMP5                                                       
20004f9c  TMP6                                                       
20004fa0  eccRom_param_Gx                                            
20004fa4  eccRom_param_Gy                                            
20004fa8  eccRom_param_b                                             
20004fac  P2_zi                                                      
20004fac  ratChanInfo                                                
20004fcc  fwInfoCmd                                                  
20004fd8  MSBMOD                                                     
20004fdc  aux64                                                      
20004fe4  MOD                                                        
20004fe8  LEN                                                        
20004ffc  pSspAesEncrypt_Sw                                          
e000e000  ti_sysbios_family_arm_m3_Hwi_nvic                          
ffffffff  __TI_pprof_out_hndl                                        
ffffffff  __TI_prof_data_size                                        
ffffffff  __TI_prof_data_start                                       
ffffffff  __binit__                                                  
ffffffff  __c_args__                                                 
ffffffff  binit                                                      
UNDEFED   SHT$$INIT_ARRAY$$Base                                      
UNDEFED   SHT$$INIT_ARRAY$$Limit                                     

[928 symbols]
