******************************************************************************
                  TI ARM Linker PC v16.9.6                     
******************************************************************************
>> Linked Thu Nov 18 15:03:01 2021

OUTPUT FILE NAME:   <sensortag_cc2650stk_stack.out>
ENTRY POINT SYMBOL: "startup_entry"  address: 0000f001


MEMORY CONFIGURATION

         name            origin    length      used     unused   attr    fill
----------------------  --------  ---------  --------  --------  ----  --------
  FLASH                 00000000   0001f000  0000f2e0  0000fd20  R  X
  SRAM                  20000000   000048e7  000005b8  0000432f  RW X


SEGMENT ALLOCATION MAP

run origin  load origin   length   init length attrs members
----------  ----------- ---------- ----------- ----- -------
0000f000    0000f000    0000f2e0   0000f2e0    r-x
  0000f000    0000f000    000002b0   000002b0    r-x EntrySection
  0000f2b0    0000f2b0    0000e470   0000e470    r-x .text
  0001d720    0001d720    000006f4   000006f4    r-- .const
  0001de14    0001de14    0000006e   0000006e    r-- .rodata
  0001de88    0001de88    00000458   00000458    r-- .cinit
20004328    20004328    000005b8   00000000    rw-
  20004328    20004328    00000190   00000000    rw- .bss
  200044b8    200044b8    00000428   00000000    rw- .data


SECTION ALLOCATION MAP

 output                                  attributes/
section   page    origin      length       input sections
--------  ----  ----------  ----------   ----------------
EntrySection 
*          0    0000f000    000002b0     
                  0000f000    00000238     icall_startup.obj (EntrySection)
                  0000f238    00000008     rtsv7M3_T_le_eabi.lib : autoinit.obj (.tramp.__TI_auto_init.1)
                  0000f240    00000008     host_pxxx_sc.a : l2cap_if.o (.tramp.L2CAP_SetUserConfig.1)
                  0000f248    00000008     <whole-program> (.tramp.ICall_enrollService$21.1)
                  0000f250    00000008     <whole-program> (.tramp.halAssertHandlerExt.1)
                  0000f258    00000008     <whole-program> (.tramp.ICall_getTicks$14.1)
                  0000f260    00000008     <whole-program> (.tramp.osal_mem_alloc.1)
                  0000f268    00000008     <whole-program> (.tramp.osal_memset.1)
                  0000f270    00000008     cc2640_ctrl_pxxx_ext_sc.a : ll_patch.o (.tramp.LL_Init.1)
                  0000f278    00000008     cc26xx_hci_tl_none_v41_v42.a : hci_tl.o (.tramp.HCI_Init.1)
                  0000f280    00000008     host_pxxx_sc.a : l2cap_task.o (.tramp.L2CAP_Init.1)
                  0000f288    00000008                    : gap_task.o (.tramp.GAP_Init.1)
                  0000f290    00000008                    : sm_task.o (.tramp.SM_Init.1)
                  0000f298    00000008                    : gatt_task.o (.tramp.GATT_Init.1)
                  0000f2a0    00000008                    : gattservapp.o (.tramp.GATTServApp_Init.1)
                  0000f2a8    00000008     <whole-program> (.tramp.osal_start_system.1)

.text      0    0000f2b0    0000e470     
                  0000f2b0    000001ec     host_pxxx_sc.a : att_server.o (.text)
                  0000f49c    000005cc                    : att_util.o (.text)
                  0000fa68    00000348                    : gap_configmgr.o (.text)
                  0000fdb0    000000b0                    : gap_devmgr.o (.text)
                  0000fe60    000009a4                    : gap_linkmgr.o (.text)
                  00010804    00000624                    : gap_peridevmgr.o (.text)
                  00010e28    00000110                    : gap_perilinkmgr.o (.text)
                  00010f38    000002ec                    : gap_task.o (.text)
                  00011224    0000032c                    : gapgattserver.o (.text)
                  00011550    00000b96                    : gatt_server.o (.text)
                  000120e6    00000002     onboard.obj (.text)
                  000120e8    000002f6     host_pxxx_sc.a : gatt_task.o (.text)
                  000123de    00000002     rtsv7M3_T_le_eabi.lib : startup.obj (.text)
                  000123e0    0000013e     host_pxxx_sc.a : gatt_uuid.o (.text)
                  0001251e    00000002     --HOLE-- [fill = 0]
                  00012520    00000fcc                    : gattservapp.o (.text)
                  000134ec    0000018e                    : l2cap_if.o (.text)
                  0001367a    00000002     --HOLE-- [fill = 0]
                  0001367c    000002b0                    : l2cap_task.o (.text)
                  0001392c    0000068c                    : l2cap_util.o (.text)
                  00013fb8    000002fc                    : linkdb.o (.text)
                  000142b4    00000a6c                    : sm_mgr.o (.text)
                  00014d20    00000cc8                    : sm_pairing.o (.text)
                  000159e8    00000854                    : sm_rsppairing.o (.text)
                  0001623c    000002f4                    : sm_task.o (.text)
                  00016530    0000042e                    : smp.o (.text)
                  0001695e    00000002     --HOLE-- [fill = 0]
                  00016960    00000670     cc2640_ctrl_pxxx_ext_sc.a : ble_patch.o (.text)
                  00016fd0    000000a8                               : hci_data_patch.o (.text)
                  00017078    000007b6                               : hci_event_patch.o (.text)
                  0001782e    00000002     --HOLE-- [fill = 0]
                  00017830    000003d4                               : hci_patch.o (.text)
                  00017c04    00000458                               : ll_adv_end_causes_patch.o (.text)
                  0001805c    00000d54                               : ll_common_patch.o (.text)
                  00018db0    0000014c                               : ll_enc_patch.o (.text)
                  00018efc    0000197c                               : ll_patch.o (.text)
                  0001a878    00000010                               : ll_rat_patch.o (.text)
                  0001a888    000001a8                               : ll_scheduler_patch.o (.text)
                  0001aa30    0000076e                               : ll_slave_end_causes_patch.o (.text)
                  0001b19e    00000002     --HOLE-- [fill = 0]
                  0001b1a0    00000046                               : ll_sleep.o (.text)
                  0001b1e6    000000ae                               : ll_wl_patch.o (.text)
                  0001b294    0000042c                               : ll_isr.o (.text)
                  0001b6c0    000000a8     cc26xx_hci_tl_none_v41_v42.a : hci_tl.o (.text)
                  0001b768    00000070     rtsv7M3_T_le_eabi.lib : autoinit.obj (.text)
                  0001b7d8    00000018                           : ll_mul_t2.obj (.text)
                  0001b7f0    0000009c                           : memcpy_t2.obj (.text)
                  0001b88c    0000007a                           : memset_t2.obj (.text)
                  0001b906    000001f4                           : ull_div_t2.obj (.text)
                  0001bafa    0000000c     driverlib.lib : cpu.obj (.text:NOROM_CPUcpsie)
                  0001bb06    0000000c                   : cpu.obj (.text:NOROM_CPUcpsid)
                  0001bb12    00000002     --HOLE-- [fill = 0]
                  0001bb14    000002f0     osal_timers.obj (.text)
                  0001be04    00000034     driverlib.lib : rom_crypto.obj (.text:ECC_initialize)
                  0001be38    00000036     rom_jt.obj (.text)
                  0001be6e    00000002     --HOLE-- [fill = 0]
                  0001be70    00000078     hal_trng_wrapper.obj (.text)
                  0001bee8    00000020     hal_assert.obj (.text)
                  0001bf08    00000068     driverlib.lib : interrupt.obj (.text:NOROM_IntDisable)
                  0001bf70    0000005c                   : interrupt.obj (.text:NOROM_IntEnable)
                  0001bfcc    000000c8     osal_bufmgr.obj (.text)
                  0001c094    00000654     osal.obj (.text)
                  0001c6e8    00000188     osal_cbtimer.obj (.text)
                  0001c870    000008bc     ble_dispatch.obj (.text)
                  0001d12c    00000008     osal_snv_wrapper.obj (.text)
                  0001d134    00000090     osal_pwrmgr.obj (.text)
                  0001d1c4    0000000c     driverlib.lib : rom_crypto.obj (.text:ECC_generateKey)
                  0001d1d0    00000014                   : rom_crypto.obj (.text:ECC_ECDH_computeSharedSecret)
                  0001d1e4    00000040     osal_memory_icall.obj (.text)
                  0001d224    00000038     osal_icall_ble.obj (.text)
                  0001d25c    0000004c     rtsv7M3_T_le_eabi.lib : cpy_tbl.obj (.text)
                  0001d2a8    0000000c                           : copy_zero_init.obj (.text:decompress:ZI)
                  0001d2b4    0000000e                           : copy_decompress_none.obj (.text:decompress:none)
                  0001d2c2    00000068                           : copy_decompress_lzss.obj (.text:decompress:lzss)
                  0001d32a    00000004     sm_ecc.obj (.text)
                  0001d32e    00000002     --HOLE-- [fill = 0]
                  0001d330    00000060     gattservapp_util.obj (.text)
                  0001d390    00000008     ble_rom_patch.symbols (.tramp.HCI_ReadBDADDRCmd.1)
                  0001d398    00000008     ble_rom_patch.symbols (.tramp.HCI_LE_SetRandomAddressCmd.1)
                  0001d3a0    00000008     ble_rom_patch.symbols (.tramp.LL_ReadBDADDR.1)
                  0001d3a8    00000008     ble_rom_patch.symbols (.tramp.HCI_DisconnectCmd.1)
                  0001d3b0    00000008     ble_rom_patch.symbols (.tramp.HCI_LE_SetAdvDataCmd.1)
                  0001d3b8    00000008     ble_rom_patch.symbols (.tramp.HCI_LE_SetScanRspDataCmd.1)
                  0001d3c0    00000008     ble_rom_patch.symbols (.tramp.HCI_LE_SetAdvEnableCmd.1)
                  0001d3c8    00000008     ble_rom_patch.symbols (.tramp.HCI_LE_SetAdvParamCmd.1)
                  0001d3d0    00000008     ble_rom_patch.symbols (.tramp.HCI_SetControllerToHostFlowCtrlCmd.1)
                  0001d3d8    00000008     ble_rom_patch.symbols (.tramp.HCI_HostBufferSizeCmd.1)
                  0001d3e0    00000008     ble_rom_patch.symbols (.tramp.HCI_HostNumCompletedPktCmd.1)
                  0001d3e8    00000008     ble_rom_patch.symbols (.tramp.HCI_SendDataPkt.1)
                  0001d3f0    00000008     ble_rom_patch.symbols (.tramp.HCI_bm_alloc.1)
                  0001d3f8    00000008     ble_rom_patch.symbols (.tramp.LL_Encrypt.1)
                  0001d400    00000008     ble_rom_patch.symbols (.tramp.HCI_LE_LtkReqReplyCmd.1)
                  0001d408    00000008     ble_rom_patch.symbols (.tramp.HCI_LE_LtkReqNegReplyCmd.1)
                  0001d410    00000008     ble_rom_patch.symbols (.tramp.llMemCopySrc.1)
                  0001d418    00000008     ble_rom_patch.symbols (.tramp.LL_ENC_ReverseBytes.1)
                  0001d420    00000008     ble_rom_patch.symbols (.tramp.LL_ENC_GenDeviceSKD.1)
                  0001d428    00000008     ble_rom_patch.symbols (.tramp.LL_ENC_GenDeviceIV.1)
                  0001d430    00000008     ble_rom_patch.symbols (.tramp.llEnqueueCtrlPkt.1)
                  0001d438    00000008     ble_rom_patch.symbols (.tramp.llSetupUnknownRsp.1)
                  0001d440    00000008     ble_rom_patch.symbols (.tramp.LL_RX_bm_alloc.1)
                  0001d448    00000008     ble_rom_patch.symbols (.tramp.llPatchCM0.1)
                  0001d450    00000008     ble_rom_patch.symbols (.tramp.RFHAL_AllocRatChan.1)
                  0001d458    00000008     ble_rom_patch.symbols (.tramp.RFHAL_RegisterRatChanCallback.1)
                  0001d460    00000008     ble_rom_patch.symbols (.tramp.LL_CtrlToHostFlowControl.1)
                  0001d468    00000008     ble_rom_patch.symbols (.tramp.HCI_SendCommandCompleteEvent.1)
                  0001d470    00000008     ble_rom_patch.symbols (.tramp.HCI_CommandCompleteEvent.1)
                  0001d478    00000008     ble_rom_patch.symbols (.tramp.HCI_CommandStatusEvent.1)
                  0001d480    00000008     ble_rom_patch.symbols (.tramp.LL_EXT_ResetSystem.1)
                  0001d488    00000008     ble_rom_patch.symbols (.tramp.LL_ReadLocalVersionInfo.1)
                  0001d490    00000008     ble_rom_patch.symbols (.tramp.llFreeTask.1)
                  0001d498    00000008     ble_rom_patch.symbols (.tramp.LL_ENC_GeneratePseudoRandNum.1)
                  0001d4a0    00000008     ble_rom_patch.symbols (.tramp.llScheduler.1)
                  0001d4a8    00000008     ble_rom_patch.symbols (.tramp.llConvertLstoToEvent.1)
                  0001d4b0    00000008     ble_rom_patch.symbols (.tramp.llConvertCtrlProcTimeoutToEvent.1)
                  0001d4b8    00000008     ble_rom_patch.symbols (.tramp.llCalcScaFactor.1)
                  0001d4c0    00000008     ble_rom_patch.symbols (.tramp.llConnTerminate.1)
                  0001d4c8    00000008     ble_rom_patch.symbols (.tramp.RFHAL_InitDataQueue.1)
                  0001d4d0    00000008     ble_rom_patch.symbols (.tramp.llEventDelta.1)
                  0001d4d8    00000008     ble_rom_patch.symbols (.tramp.LL_TX_bm_alloc.1)
                  0001d4e0    00000008     ble_rom_patch.symbols (.tramp.RFHAL_FreeNextTxDataEntry.1)
                  0001d4e8    00000008     ble_rom_patch.symbols (.tramp.RFHAL_GetNextDataEntry.1)
                  0001d4f0    00000008     ble_rom_patch.symbols (.tramp.RFHAL_GetTempDataEntry.1)
                  0001d4f8    00000008     ble_rom_patch.symbols (.tramp.llReleaseConnId.1)
                  0001d500    00000008     ble_rom_patch.symbols (.tramp.llTimeCompare.1)
                  0001d508    00000008     ble_rom_patch.symbols (.tramp.llGetCurrentTask.1)
                  0001d510    00000008     ble_rom_patch.symbols (.tramp.llTimeDelta.1)
                  0001d518    00000008     ble_rom_patch.symbols (.tramp.llSetupRejectInd.1)
                  0001d520    00000008     ble_rom_patch.symbols (.tramp.LL_ENC_Init.1)
                  0001d528    00000008     ble_rom_patch.symbols (.tramp.LL_ENC_LoadKey.1)
                  0001d530    00000008     ble_rom_patch.symbols (.tramp.LL_ENC_GenerateNonce.1)
                  0001d538    00000008     ble_rom_patch.symbols (.tramp.LL_ENC_EncryptMsg.1)
                  0001d540    00000008     ble_rom_patch.symbols (.tramp.LL_ENC_DecryptMsg.1)
                  0001d548    00000008     ble_rom_patch.symbols (.tramp.LL_ENC_GenerateTrueRandNum.1)
                  0001d550    00000008     ble_rom_patch.symbols (.tramp.WL_Init.1)
                  0001d558    00000008     ble_rom_patch.symbols (.tramp.LL_ClearWhiteList.1)
                  0001d560    00000008     ble_rom_patch.symbols (.tramp.llReleaseAllConnId.1)
                  0001d568    00000008     ble_rom_patch.symbols (.tramp.LL_ConnActive.1)
                  0001d570    00000008     ble_rom_patch.symbols (.tramp.HCI_DataBufferOverflowEvent.1)
                  0001d578    00000008     ble_rom_patch.symbols (.tramp.LL_DirectTestEndDoneCback.1)
                  0001d580    00000008     ble_rom_patch.symbols (.tramp.llGetActiveTasks.1)
                  0001d588    00000008     ble_rom_patch.symbols (.tramp.llSetupAdv.1)
                  0001d590    00000008     ble_rom_patch.symbols (.tramp.llGetNumTasks.1)
                  0001d598    00000008     ble_rom_patch.symbols (.tramp.llCheckForLstoDuringSL.1)
                  0001d5a0    00000008     ble_rom_patch.symbols (.tramp.llEventInRange.1)
                  0001d5a8    00000008     ble_rom_patch.symbols (.tramp.LL_EncLtkReqCback.1)
                  0001d5b0    00000008     ble_rom_patch.symbols (.tramp.llSetupEncRsp.1)
                  0001d5b8    00000008     ble_rom_patch.symbols (.tramp.LL_ENC_AES128_Encrypt.1)
                  0001d5c0    00000008     ble_rom_patch.symbols (.tramp.LL_EncKeyRefreshCback.1)
                  0001d5c8    00000008     ble_rom_patch.symbols (.tramp.LL_EncChangeCback.1)
                  0001d5d0    00000008     ble_rom_patch.symbols (.tramp.llSetupStartEncRsp.1)
                  0001d5d8    00000008     ble_rom_patch.symbols (.tramp.llSetupPauseEncRsp.1)
                  0001d5e0    00000008     ble_rom_patch.symbols (.tramp.LL_ReadRemoteVersionInfoCback.1)
                  0001d5e8    00000008     ble_rom_patch.symbols (.tramp.llSetupVersionIndReq.1)
                  0001d5f0    00000008     ble_rom_patch.symbols (.tramp.llMoveTempTxDataEntries.1)
                  0001d5f8    00000008     ble_rom_patch.symbols (.tramp.WL_ClearEntry.1)
                  0001d600    00000008     ble_rom_patch.symbols (.tramp.RFHAL_NextDataEntryDone.1)
                  0001d608    00000008     ble_rom_patch.symbols (.tramp.LL_PseudoRand.1)
                  0001d610    00000008     ble_rom_patch.symbols (.tramp.HCI_EXT_NumComplPktsLimitCmd.1)
                  0001d618    00000008     ble_rom_patch.symbols (.tramp.HCI_EXT_BuildRevisionCmd.1)
                  0001d620    00000008     ble_rom_patch.symbols (.tramp.HCI_EXT_SetSlaveLatencyOverrideCmd.1)
                  0001d628    00000008     ble_rom_patch.symbols (.tramp.HCI_EXT_AdvEventNoticeCmd.1)
                  0001d630    00000008     ble_rom_patch.symbols (.tramp.HCI_EXT_PERbyChanCmd.1)
                  0001d638    00000008     ble_rom_patch.symbols (.tramp.HCI_EXT_PacketErrorRateCmd.1)
                  0001d640    00000008     ble_rom_patch.symbols (.tramp.HCI_EXT_DisconnectImmedCmd.1)
                  0001d648    00000008     ble_rom_patch.symbols (.tramp.HCI_EXT_SetMaxDtmTxPowerCmd.1)
                  0001d650    00000008     ble_rom_patch.symbols (.tramp.HCI_EXT_EnablePTMCmd.1)
                  0001d658    00000008     ble_rom_patch.symbols (.tramp.HCI_EXT_SetSCACmd.1)
                  0001d660    00000008     ble_rom_patch.symbols (.tramp.HCI_EXT_SetBDADDRCmd.1)
                  0001d668    00000008     ble_rom_patch.symbols (.tramp.HCI_EXT_EndModemTestCmd.1)
                  0001d670    00000008     ble_rom_patch.symbols (.tramp.HCI_EXT_ModemTestRxCmd.1)
                  0001d678    00000008     ble_rom_patch.symbols (.tramp.HCI_EXT_ModemHopTestTxCmd.1)
                  0001d680    00000008     ble_rom_patch.symbols (.tramp.HCI_EXT_ModemTestTxCmd.1)
                  0001d688    00000008     ble_rom_patch.symbols (.tramp.HCI_EXT_SetFastTxResponseTimeCmd.1)
                  0001d690    00000008     ble_rom_patch.symbols (.tramp.HCI_EXT_SetLocalSupportedFeaturesCmd.1)
                  0001d698    00000008     ble_rom_patch.symbols (.tramp.HCI_EXT_DecryptCmd.1)
                  0001d6a0    00000008     ble_rom_patch.symbols (.tramp.HCI_EXT_OnePktPerEvtCmd.1)
                  0001d6a8    00000008     ble_rom_patch.symbols (.tramp.HCI_EXT_SetTxPowerCmd.1)
                  0001d6b0    00000008     ble_rom_patch.symbols (.tramp.HCI_LE_TestEndCmd.1)
                  0001d6b8    00000008     ble_rom_patch.symbols (.tramp.HCI_LE_ReadSupportedStatesCmd.1)
                  0001d6c0    00000008     ble_rom_patch.symbols (.tramp.HCI_LE_EncryptCmd.1)
                  0001d6c8    00000008     ble_rom_patch.symbols (.tramp.HCI_LE_ReadChannelMapCmd.1)
                  0001d6d0    00000008     ble_rom_patch.symbols (.tramp.HCI_LE_RemoveWhiteListCmd.1)
                  0001d6d8    00000008     ble_rom_patch.symbols (.tramp.HCI_LE_AddWhiteListCmd.1)
                  0001d6e0    00000008     ble_rom_patch.symbols (.tramp.HCI_LE_ClearWhiteListCmd.1)
                  0001d6e8    00000008     ble_rom_patch.symbols (.tramp.HCI_LE_ReadWhiteListSizeCmd.1)
                  0001d6f0    00000008     ble_rom_patch.symbols (.tramp.HCI_LE_ReadAdvChanTxPowerCmd.1)
                  0001d6f8    00000008     ble_rom_patch.symbols (.tramp.HCI_LE_ReadLocalSupportedFeaturesCmd.1)
                  0001d700    00000008     ble_rom_patch.symbols (.tramp.HCI_ReadLocalSupportedFeaturesCmd.1)
                  0001d708    00000008     ble_rom_patch.symbols (.tramp.HCI_ReadTransmitPowerLevelCmd.1)
                  0001d710    00000008     ble_rom_patch.symbols (.tramp.HCI_SetEventMaskCmd.1)
                  0001d718    00000008     ble_rom_patch.symbols (.tramp.HCI_ReadRemoteVersionInfoCmd.1)

.const     0    0001d720    000006f4     
                  0001d720    00000024     osal_icall_ble.obj (.const:tasksArr)
                  0001d744    000006d0     rom_jt.obj (.const:$O11$$)

.constdata 
*          0    0001de14    00000000     UNINITIALIZED

.rodata    0    0001de14    0000006e     
                  0001de14    00000008     host_pxxx_sc.a : gapgattserver.o (.rodata)
                  0001de1c    00000008                    : gattservapp.o (.rodata)
                  0001de24    0000005c     cc2640_ctrl_pxxx_ext_sc.a : ll_config.o (.rodata)
                  0001de80    00000002                               : ll_patch.o (.rodata)

.cinit     0    0001de88    00000458     
                  0001de88    0000000c     (__TI_handler_table)
                  0001de94    00000010     (__TI_cinit_table)
                  0001dea4    00000004     --HOLE-- [fill = 0]
                  0001dea8    00000430     (.cinit..data.load) [load image]
                  0001e2d8    00000008     (.cinit..bss.load) [load image, compression = zero_init]

.pinit     0    0001e2e0    00000000     UNINITIALIZED

.init_array 
*          0    0001e2e0    00000000     UNINITIALIZED

.emb_text 
*          0    0001e2e0    00000000     UNINITIALIZED

.bss       0    20004328    00000190     UNINITIALIZED
                  20004328    00000004     host_pxxx_sc.a : att_server.o (.bss)
                  2000432c    00000004                    : gap_devmgr.o (.bss)
                  20004330    00000004                    : gap_devmgr.o (.bss)
                  20004334    00000001                    : gap_devmgr.o (.bss)
                  20004335    00000002                    : gatt_task.o (.bss)
                  20004337    00000001                    : l2cap_if.o (.bss)
                  20004338    00000004                    : gap_linkmgr.o (.bss)
                  2000433c    00000004                    : gap_task.o (.bss)
                  20004340    00000004                    : gapgattserver.o (.bss)
                  20004344    00000004                    : gatt_server.o (.bss)
                  20004348    00000008                    : gatt_task.o (.bss)
                  20004350    00000024                    : gattservapp.o (.bss)
                  20004374    00000004                    : gattservapp.o (.bss)
                  20004378    00000030                    : l2cap_task.o (.bss)
                  200043a8    00000001                    : l2cap_util.o (.bss)
                  200043a9    00000001                    : linkdb.o (.bss)
                  200043aa    00000002     cc2640_ctrl_pxxx_ext_sc.a : ll_slave_end_causes_patch.o (.bss)
                  200043ac    00000038     host_pxxx_sc.a : linkdb.o (.bss)
                  200043e4    00000050                    : sm_pairing.o (.bss)
                  20004434    00000010     cc2640_ctrl_pxxx_ext_sc.a : hci_event_patch.o (.bss)
                  20004444    00000008                               : ll_common_patch.o (.bss)
                  2000444c    00000001     cc26xx_hci_tl_none_v41_v42.a : hci_tl.o (.bss)
                  2000444d    00000001                                  : hci_tl.o (.bss)
                  2000444e    00000001                                  : hci_tl.o (.bss)
                  2000444f    00000001                                  : hci_tl.o (.bss)
                  20004450    00000008     cc2640_ctrl_pxxx_ext_sc.a : ll_patch.o (.bss)
                  20004458    00000001     cc26xx_hci_tl_none_v41_v42.a : hci_tl.o (.bss)
                  20004459    00000001                                  : hci_tl.o (.bss)
                  2000445a    00000002     --HOLE--
                  2000445c    00000004     hal_trng_wrapper.obj (.bss)
                  20004460    0000003c     ble_dispatch.obj (.bss:$O3$$)
                  2000449c    0000000c     osal_timers.obj (.bss:$O8$$)
                  200044a8    0000000c     icall_startup.obj (.bss:$O10$$)
                  200044b4    00000004     (.common:tasksEvents)

.data      0    200044b8    00000428     UNINITIALIZED
                  200044b8    0000002c     host_pxxx_sc.a : gap_configmgr.o (.data)
                  200044e4    00000050                    : gap_configmgr.o (.data)
                  20004534    0000001c                    : gap_linkmgr.o (.data)
                  20004550    0000001c                    : gap_peridevmgr.o (.data)
                  2000456c    00000004                    : gap_perilinkmgr.o (.data)
                  20004570    0000000c                    : gap_task.o (.data)
                  2000457c    00000001                    : gapgattserver.o (.data)
                  2000457d    00000001                    : gapgattserver.o (.data)
                  2000457e    00000001                    : gapgattserver.o (.data)
                  2000457f    00000001                    : gatt_server.o (.data)
                  20004580    00000024                    : gapgattserver.o (.data)
                  200045a4    00000070                    : gapgattserver.o (.data)
                  20004614    00000008                    : gatt_server.o (.data)
                  2000461c    00000001                    : gatt_task.o (.data)
                  2000461d    00000001                    : gattservapp.o (.data)
                  2000461e    00000002                    : l2cap_task.o (.data)
                  20004620    00000010                    : gattservapp.o (.data)
                  20004630    00000008                    : l2cap_task.o (.data)
                  20004638    00000018                    : sm_rsppairing.o (.data)
                  20004650    00000003                    : sm_task.o (.data)
                  20004653    00000001     --HOLE--
                  20004654    0000000c     cc2640_ctrl_pxxx_ext_sc.a : ll_common_patch.o (.data)
                  20004660    00000020                               : ll_config.o (.data)
                  20004680    000001a0                               : ll_patch.o (.data)
                  20004820    00000004     osal_bufmgr.obj (.data)
                  20004824    00000008     hal_assert.obj (.data:$O1$$)
                  2000482c    0000002c     osal.obj (.data:$O4$$)
                  20004858    0000007c     osal_cbtimer.obj (.data:$O5$$)
                  200048d4    00000008     osal_clock.obj (.data:$O6$$)
                  200048dc    00000004     osal_pwrmgr.obj (.data:$O7$$)

MODULE SUMMARY

       Module                                   code    ro data   rw data
       ------                                   ----    -------   -------
    .\HAL\Common\
       hal_assert.obj                           32      0         8      
    +--+----------------------------------------+-------+---------+---------+
       Total:                                   32      0         8      
                                                                         
    .\HAL\Target\CC2650\Drivers\
       hal_trng_wrapper.obj                     120     0         4      
    +--+----------------------------------------+-------+---------+---------+
       Total:                                   120     0         4      
                                                                         
    .\ICallBLE\
       ble_dispatch.obj                         2236    0         60     
    +--+----------------------------------------+-------+---------+---------+
       Total:                                   2236    0         60     
                                                                         
    .\OSAL\
       osal.obj                                 1620    0         44     
       osal_timers.obj                          752     0         12     
       osal_cbtimer.obj                         392     0         124    
       osal_bufmgr.obj                          200     0         4      
       osal_pwrmgr.obj                          144     0         4      
       osal_memory_icall.obj                    64      0         0      
       osal_clock.obj                           0       0         8      
       osal_snv_wrapper.obj                     8       0         0      
    +--+----------------------------------------+-------+---------+---------+
       Total:                                   3180    0         196    
                                                                         
    .\PROFILES\
       gattservapp_util.obj                     96      0         0      
       sm_ecc.obj                               4       0         0      
    +--+----------------------------------------+-------+---------+---------+
       Total:                                   100     0         0      
                                                                         
    .\Startup\
       rom_jt.obj                               54      1744      0      
       icall_startup.obj                        568     0         12     
       osal_icall_ble.obj                       56      36        0      
    +--+----------------------------------------+-------+---------+---------+
       Total:                                   678     1780      12     
                                                                         
    .\TOOLS\
       onboard.obj                              2       0         0      
    +--+----------------------------------------+-------+---------+---------+
       Total:                                   2       0         0      
                                                                         
    C:\Users\ZeYu\AppData\Local\Temp\
       {239A55B3-5A40-41E3-B9B0-F23EECCB618F}   48      0         4      
    +--+----------------------------------------+-------+---------+---------+
       Total:                                   48      0         4      
                                                                         
    C:\ti\simplelink\ble_sdk_2_02_06_07\src\rom\ble_rom_releases\04242014\
       ble_rom_patch.symbols                    912     0         0      
    +--+----------------------------------------+-------+---------+---------+
       Total:                                   912     0         0      
                                                                         
    C:/ti/tirtos_cc13xx_cc26xx_2_21_01_08/products/cc26xxware_2_24_03_17272/driverlib/bin/ccs/driverlib.lib
       interrupt.obj                            196     0         0      
       rom_crypto.obj                           84      0         0      
       cpu.obj                                  24      0         0      
    +--+----------------------------------------+-------+---------+---------+
       Total:                                   304     0         0      
                                                                         
    C:\ti\ccsv7\tools\compiler\ti-cgt-arm_16.9.6.LTS\lib\rtsv7M3_T_le_eabi.lib
       ull_div_t2.obj                           500     0         0      
       memcpy_t2.obj                            156     0         0      
       memset_t2.obj                            122     0         0      
       autoinit.obj                             120     0         0      
       copy_decompress_lzss.obj                 104     0         0      
       cpy_tbl.obj                              76      0         0      
       ll_mul_t2.obj                            24      0         0      
       copy_decompress_none.obj                 14      0         0      
       copy_zero_init.obj                       12      0         0      
       startup.obj                              2       0         0      
    +--+----------------------------------------+-------+---------+---------+
       Total:                                   1130    0         0      
                                                                         
    C:\ti\simplelink\ble_sdk_2_02_06_07\blelib\ctrl\cc2640\cc2640_ctrl_pxxx_ext_sc.a
       ll_patch.o                               6532    2         424    
       ll_common_patch.o                        3412    0         20     
       hci_event_patch.o                        1974    0         16     
       ll_slave_end_causes_patch.o              1902    0         2      
       ble_patch.o                              1648    0         0      
       ll_adv_end_causes_patch.o                1112    0         0      
       ll_isr.o                                 1068    0         0      
       hci_patch.o                              980     0         0      
       ll_scheduler_patch.o                     424     0         0      
       ll_enc_patch.o                           332     0         0      
       ll_wl_patch.o                            174     0         0      
       hci_data_patch.o                         168     0         0      
       ll_config.o                              0       92        32     
       ll_sleep.o                               70      0         0      
       ll_rat_patch.o                           16      0         0      
    +--+----------------------------------------+-------+---------+---------+
       Total:                                   19812   94        494    
                                                                         
    C:\ti\simplelink\ble_sdk_2_02_06_07\blelib\hci_tl\cc26xx\cc26xx_hci_tl_none_v41_v42.a
       hci_tl.o                                 176     0         6      
    +--+----------------------------------------+-------+---------+---------+
       Total:                                   176     0         6      
                                                                         
    C:\ti\simplelink\ble_sdk_2_02_06_07\blelib\host\host_pxxx_sc.a
       gattservapp.o                            4052    8         57     
       sm_pairing.o                             3272    0         80     
       gatt_server.o                            2966    0         13     
       sm_mgr.o                                 2668    0         0      
       gap_linkmgr.o                            2468    0         32     
       sm_rsppairing.o                          2132    0         24     
       l2cap_util.o                             1676    0         1      
       gap_peridevmgr.o                         1572    0         28     
       att_util.o                               1484    0         0      
       smp.o                                    1070    0         0      
       gapgattserver.o                          812     8         155    
       gap_configmgr.o                          840     0         124    
       linkdb.o                                 764     0         57     
       gatt_task.o                              766     0         11     
       gap_task.o                               756     0         16     
       sm_task.o                                764     0         3      
       l2cap_task.o                             696     0         58     
       att_server.o                             492     0         4      
       l2cap_if.o                               406     0         1      
       gatt_uuid.o                              318     0         0      
       gap_perilinkmgr.o                        272     0         4      
       gap_devmgr.o                             176     0         9      
    +--+----------------------------------------+-------+---------+---------+
       Total:                                   30422   16        677    
                                                                         
       Linker Generated:                        0       1108      0      
    +--+----------------------------------------+-------+---------+---------+
       Grand Total:                             59152   2998      1461   


LINKER GENERATED COPY TABLES

__TI_cinit_table @ 0001de94 records: 2, size/record: 8, table size: 16
	.data: load addr=0001dea8, load size=00000430 bytes, run addr=200044b8, run size=00000428 bytes, compression=copy
	.bss: load addr=0001e2d8, load size=00000008 bytes, run addr=20004328, run size=00000190 bytes, compression=zero_init


LINKER GENERATED HANDLER TABLE

__TI_handler_table @ 0001de88 records: 3, size/record: 4, table size: 12
	index: 0, handler: __TI_decompress_lzss
	index: 1, handler: __TI_decompress_none
	index: 2, handler: __TI_zero_init


FAR CALL TRAMPOLINES

callee name               trampoline name
   callee addr  tramp addr   call addr  call info
--------------  -----------  ---------  ----------------
__TI_auto_init            $Tramp$TT$S$$__TI_auto_init
   0001b769     0000f238     0000f00c   icall_startup.obj (EntrySection)
L2CAP_SetUserConfig       $Tramp$TT$S$$L2CAP_SetUserConfig
   00013679     0000f240     0000f06e   icall_startup.obj (EntrySection)
ICall_enrollService$21    $Tramp$TT$S$$ICall_enrollService$21
   0001d225     0000f248     0000f0cc   icall_startup.obj (EntrySection)
                             0000f192   icall_startup.obj (EntrySection)
halAssertHandlerExt       $Tramp$TT$S$$halAssertHandlerExt
   0001beed     0000f250     0000f0de   icall_startup.obj (EntrySection)
ICall_getTicks$14         $Tramp$TT$S$$ICall_getTicks$14
   0001bb9d     0000f258     0000f104   icall_startup.obj (EntrySection)
osal_mem_alloc            $Tramp$TT$S$$osal_mem_alloc
   0001d1e5     0000f260     0000f114   icall_startup.obj (EntrySection)
                             0000f130   icall_startup.obj (EntrySection)
osal_memset               $Tramp$TT$S$$osal_memset
   0001c095     0000f268     0000f11e   icall_startup.obj (EntrySection)
                             0000f12a   icall_startup.obj (EntrySection)
                             0000f13e   icall_startup.obj (EntrySection)
                             0000f162   icall_startup.obj (EntrySection)
LL_Init                   $Tramp$TT$S$$LL_Init
   000195b1     0000f270     0000f144   icall_startup.obj (EntrySection)
HCI_Init                  $Tramp$TT$S$$HCI_Init
   0001b6c1     0000f278     0000f14a   icall_startup.obj (EntrySection)
L2CAP_Init                $Tramp$TT$S$$L2CAP_Init
   0001367d     0000f280     0000f168   icall_startup.obj (EntrySection)
GAP_Init                  $Tramp$TT$S$$GAP_Init
   00010f3f     0000f288     0000f16e   icall_startup.obj (EntrySection)
SM_Init                   $Tramp$TT$S$$SM_Init
   0001623d     0000f290     0000f174   icall_startup.obj (EntrySection)
GATT_Init                 $Tramp$TT$S$$GATT_Init
   0001212f     0000f298     0000f17a   icall_startup.obj (EntrySection)
GATTServApp_Init          $Tramp$TT$S$$GATTServApp_Init
   00012529     0000f2a0     0000f180   icall_startup.obj (EntrySection)
osal_start_system         $Tramp$TT$S$$osal_start_system
   0001c491     0000f2a8     0000f1e4   icall_startup.obj (EntrySection)
HCI_ReadBDADDRCmd         $Tramp$TT$L$PI$$HCI_ReadBDADDRCmd
   10009765     0001d390     0000faaa   host_pxxx_sc.a : gap_configmgr.o (.text)
                             0001d07e   ble_dispatch.obj (.text)
HCI_LE_SetRandomAddressCmd  $Tramp$TT$L$PI$$HCI_LE_SetRandomAddressCmd
   10009849     0001d398     0000fc7a   host_pxxx_sc.a : gap_configmgr.o (.text)
LL_ReadBDADDR             $Tramp$TT$L$PI$$LL_ReadBDADDR
   100056c9     0001d3a0     0000fd48   host_pxxx_sc.a : gap_configmgr.o (.text)
HCI_DisconnectCmd         $Tramp$TT$L$PI$$HCI_DisconnectCmd
   10009525     0001d3a8     0000feca   host_pxxx_sc.a : gap_linkmgr.o (.text)
                             0001047a                  : gap_linkmgr.o (.text)
HCI_LE_SetAdvDataCmd      $Tramp$TT$L$PI$$HCI_LE_SetAdvDataCmd
   100098a1     0001d3b0     000108ec   host_pxxx_sc.a : gap_peridevmgr.o (.text)
                             00010d84                  : gap_peridevmgr.o (.text)
HCI_LE_SetScanRspDataCmd  $Tramp$TT$L$PI$$HCI_LE_SetScanRspDataCmd
   100098bd     0001d3b8     000108f6   host_pxxx_sc.a : gap_peridevmgr.o (.text)
                             00010d8e                  : gap_peridevmgr.o (.text)
HCI_LE_SetAdvEnableCmd    $Tramp$TT$L$PI$$HCI_LE_SetAdvEnableCmd
   100098d9     0001d3c0     00010946   host_pxxx_sc.a : gap_peridevmgr.o (.text)
                             00010b14                  : gap_peridevmgr.o (.text)
HCI_LE_SetAdvParamCmd     $Tramp$TT$L$PI$$HCI_LE_SetAdvParamCmd
   1000986d     0001d3c8     00010c5c   host_pxxx_sc.a : gap_peridevmgr.o (.text)
HCI_SetControllerToHostFlowCtrlCmd  $Tramp$TT$L$PI$$HCI_SetControllerToHostFlowCtrlCmd
   100095f5     0001d3d0     0001360a   host_pxxx_sc.a : l2cap_if.o (.text)
                             0001362a                  : l2cap_if.o (.text)
HCI_HostBufferSizeCmd     $Tramp$TT$L$PI$$HCI_HostBufferSizeCmd
   10009631     0001d3d8     00013620   host_pxxx_sc.a : l2cap_if.o (.text)
HCI_HostNumCompletedPktCmd  $Tramp$TT$L$PI$$HCI_HostNumCompletedPktCmd
   1000965d     0001d3e0     0001363e   host_pxxx_sc.a : l2cap_if.o (.text)
HCI_SendDataPkt           $Tramp$TT$L$PI$$HCI_SendDataPkt
   100094e9     0001d3e8     00013b1c   host_pxxx_sc.a : l2cap_util.o (.text)
HCI_bm_alloc              $Tramp$TT$L$PI$$HCI_bm_alloc
   100094a1     0001d3f0     00013f9e   host_pxxx_sc.a : l2cap_util.o (.text)
                             00018680   cc2640_ctrl_pxxx_ext_sc.a : ll_common_patch.o (.text)
LL_Encrypt                $Tramp$TT$L$PI$$LL_Encrypt
   100057d5     0001d3f8     000145d6   host_pxxx_sc.a : sm_mgr.o (.text)
HCI_LE_LtkReqReplyCmd     $Tramp$TT$L$PI$$HCI_LE_LtkReqReplyCmd
   10009bc5     0001d400     00015aa8   host_pxxx_sc.a : sm_rsppairing.o (.text)
HCI_LE_LtkReqNegReplyCmd  $Tramp$TT$L$PI$$HCI_LE_LtkReqNegReplyCmd
   10009be1     0001d408     00015ab0   host_pxxx_sc.a : sm_rsppairing.o (.text)
llMemCopySrc              $Tramp$TT$L$PI$$llMemCopySrc
   100089d9     0001d410     000169e6   cc2640_ctrl_pxxx_ext_sc.a : ble_patch.o (.text)
                             000169f2                             : ble_patch.o (.text)
                             000169fe                             : ble_patch.o (.text)
                             00016a0a                             : ble_patch.o (.text)
                             00016a2e                             : ble_patch.o (.text)
                             00016a70                             : ble_patch.o (.text)
                             00016a7c                             : ble_patch.o (.text)
                             00016ad2                             : ble_patch.o (.text)
                             00016ade                             : ble_patch.o (.text)
                             00016aec                             : ble_patch.o (.text)
                             00016b04                             : ble_patch.o (.text)
                             00016bbc                             : ble_patch.o (.text)
                             00016bca                             : ble_patch.o (.text)
LL_ENC_ReverseBytes       $Tramp$TT$L$PI$$LL_ENC_ReverseBytes
   1000b4ed     0001d418     00016af6   cc2640_ctrl_pxxx_ext_sc.a : ble_patch.o (.text)
                             00016b0c                             : ble_patch.o (.text)
LL_ENC_GenDeviceSKD       $Tramp$TT$L$PI$$LL_ENC_GenDeviceSKD
   1000b541     0001d420     00016b14   cc2640_ctrl_pxxx_ext_sc.a : ble_patch.o (.text)
LL_ENC_GenDeviceIV        $Tramp$TT$L$PI$$LL_ENC_GenDeviceIV
   1000b555     0001d428     00016b1c   cc2640_ctrl_pxxx_ext_sc.a : ble_patch.o (.text)
llEnqueueCtrlPkt          $Tramp$TT$L$PI$$llEnqueueCtrlPkt
   100080bd     0001d430     00016b56   cc2640_ctrl_pxxx_ext_sc.a : ble_patch.o (.text)
                             00016be4                             : ble_patch.o (.text)
                             00018008                             : ll_adv_end_causes_patch.o (.text)
                             00019bd8                             : ll_patch.o (.text)
                             0001a580                             : ll_patch.o (.text)
                             0001b5fc                             : ll_isr.o (.text)
llSetupUnknownRsp         $Tramp$TT$L$PI$$llSetupUnknownRsp
   10008069     0001d438     00016d0e   cc2640_ctrl_pxxx_ext_sc.a : ble_patch.o (.text)
                             0001aed4                             : ll_slave_end_causes_patch.o (.text)
LL_RX_bm_alloc            $Tramp$TT$L$PI$$LL_RX_bm_alloc
   1000556d     0001d440     00016dbc   cc2640_ctrl_pxxx_ext_sc.a : ble_patch.o (.text)
                             00016e0e                             : ble_patch.o (.text)
                             00018774                             : ll_common_patch.o (.text)
llPatchCM0                $Tramp$TT$L$PI$$llPatchCM0
   1000adb1     0001d448     00016e86   cc2640_ctrl_pxxx_ext_sc.a : ble_patch.o (.text)
RFHAL_AllocRatChan        $Tramp$TT$L$PI$$RFHAL_AllocRatChan
   10018315     0001d450     00016e8a   cc2640_ctrl_pxxx_ext_sc.a : ble_patch.o (.text)
RFHAL_RegisterRatChanCallback  $Tramp$TT$L$PI$$RFHAL_RegisterRatChanCallback
   10018391     0001d458     00016e96   cc2640_ctrl_pxxx_ext_sc.a : ble_patch.o (.text)
LL_CtrlToHostFlowControl  $Tramp$TT$L$PI$$LL_CtrlToHostFlowControl
   100058d5     0001d460     00016ff2   cc2640_ctrl_pxxx_ext_sc.a : hci_data_patch.o (.text)
HCI_SendCommandCompleteEvent  $Tramp$TT$L$PI$$HCI_SendCommandCompleteEvent
   10008c81     0001d468     00017792   cc2640_ctrl_pxxx_ext_sc.a : hci_event_patch.o (.text)
HCI_CommandCompleteEvent  $Tramp$TT$L$PI$$HCI_CommandCompleteEvent
   10008add     0001d470     0001789a   cc2640_ctrl_pxxx_ext_sc.a : hci_patch.o (.text)
                             00017954                             : hci_patch.o (.text)
                             00017986                             : hci_patch.o (.text)
                             000179f0                             : hci_patch.o (.text)
                             00017b84                             : hci_patch.o (.text)
                             00017ba6                             : hci_patch.o (.text)
HCI_CommandStatusEvent    $Tramp$TT$L$PI$$HCI_CommandStatusEvent
   10008ba1     0001d478     00017970   cc2640_ctrl_pxxx_ext_sc.a : hci_patch.o (.text)
                             00017a08                             : hci_patch.o (.text)
                             00017a1e                             : hci_patch.o (.text)
                             00017a80                             : hci_patch.o (.text)
LL_EXT_ResetSystem        $Tramp$TT$L$PI$$LL_EXT_ResetSystem
   100070d5     0001d480     00017a98   cc2640_ctrl_pxxx_ext_sc.a : hci_patch.o (.text)
LL_ReadLocalVersionInfo   $Tramp$TT$L$PI$$LL_ReadLocalVersionInfo
   1000589d     0001d488     00017b40   cc2640_ctrl_pxxx_ext_sc.a : hci_patch.o (.text)
llFreeTask                $Tramp$TT$L$PI$$llFreeTask
   1000abed     0001d490     00017c24   cc2640_ctrl_pxxx_ext_sc.a : ll_adv_end_causes_patch.o (.text)
                             00017d44                             : ll_adv_end_causes_patch.o (.text)
                             000184e8                             : ll_common_patch.o (.text)
                             0001a4ae                             : ll_patch.o (.text)
LL_ENC_GeneratePseudoRandNum  $Tramp$TT$L$PI$$LL_ENC_GeneratePseudoRandNum
   1000b50d     0001d498     00017c38   cc2640_ctrl_pxxx_ext_sc.a : ll_adv_end_causes_patch.o (.text)
                             00017cd4                             : ll_adv_end_causes_patch.o (.text)
llScheduler               $Tramp$TT$L$PI$$llScheduler
   1000a335     0001d4a0     00017c62   cc2640_ctrl_pxxx_ext_sc.a : ll_adv_end_causes_patch.o (.text)
                             00017d0e                             : ll_adv_end_causes_patch.o (.text)
                             00018016                             : ll_adv_end_causes_patch.o (.text)
                             0001a476                             : ll_patch.o (.text)
                             0001a4ba                             : ll_patch.o (.text)
                             0001abfa                             : ll_slave_end_causes_patch.o (.text)
llConvertLstoToEvent      $Tramp$TT$L$PI$$llConvertLstoToEvent
   10008721     0001d4a8     00017e58   cc2640_ctrl_pxxx_ext_sc.a : ll_adv_end_causes_patch.o (.text)
                             0001acf0                             : ll_slave_end_causes_patch.o (.text)
llConvertCtrlProcTimeoutToEvent  $Tramp$TT$L$PI$$llConvertCtrlProcTimeoutToEvent
   10008741     0001d4b0     00017e62   cc2640_ctrl_pxxx_ext_sc.a : ll_adv_end_causes_patch.o (.text)
                             0001ad4a                             : ll_slave_end_causes_patch.o (.text)
llCalcScaFactor           $Tramp$TT$L$PI$$llCalcScaFactor
   1000d94d     0001d4b8     00017e7c   cc2640_ctrl_pxxx_ext_sc.a : ll_adv_end_causes_patch.o (.text)
llConnTerminate           $Tramp$TT$L$PI$$llConnTerminate
   10008631     0001d4c0     00017f2a   cc2640_ctrl_pxxx_ext_sc.a : ll_adv_end_causes_patch.o (.text)
                             0001a800                             : ll_patch.o (.text)
                             0001ab8e                             : ll_slave_end_causes_patch.o (.text)
                             0001ae78                             : ll_slave_end_causes_patch.o (.text)
                             0001af3c                             : ll_slave_end_causes_patch.o (.text)
RFHAL_InitDataQueue       $Tramp$TT$L$PI$$RFHAL_InitDataQueue
   100183b9     0001d4c8     00017f3e   cc2640_ctrl_pxxx_ext_sc.a : ll_adv_end_causes_patch.o (.text)
                             00018494                             : ll_common_patch.o (.text)
                             000184c4                             : ll_common_patch.o (.text)
llEventDelta              $Tramp$TT$L$PI$$llEventDelta
   10008719     0001d4d0     000180c8   cc2640_ctrl_pxxx_ext_sc.a : ll_common_patch.o (.text)
                             00018a5c                             : ll_common_patch.o (.text)
                             0001acbe                             : ll_slave_end_causes_patch.o (.text)
                             0001ad0a                             : ll_slave_end_causes_patch.o (.text)
LL_TX_bm_alloc            $Tramp$TT$L$PI$$LL_TX_bm_alloc
   10005549     0001d4d8     00018294   cc2640_ctrl_pxxx_ext_sc.a : ll_common_patch.o (.text)
                             00018310                             : ll_common_patch.o (.text)
                             00018392                             : ll_common_patch.o (.text)
                             00018aba                             : ll_common_patch.o (.text)
RFHAL_FreeNextTxDataEntry  $Tramp$TT$L$PI$$RFHAL_FreeNextTxDataEntry
   10018485     0001d4e0     000183f6   cc2640_ctrl_pxxx_ext_sc.a : ll_common_patch.o (.text)
                             00018462                             : ll_common_patch.o (.text)
RFHAL_GetNextDataEntry    $Tramp$TT$L$PI$$RFHAL_GetNextDataEntry
   100184cd     0001d4e8     000183fc   cc2640_ctrl_pxxx_ext_sc.a : ll_common_patch.o (.text)
                             00018468                             : ll_common_patch.o (.text)
                             000184a8                             : ll_common_patch.o (.text)
                             0001b500                             : ll_isr.o (.text)
RFHAL_GetTempDataEntry    $Tramp$TT$L$PI$$RFHAL_GetTempDataEntry
   100184d1     0001d4f0     00018472   cc2640_ctrl_pxxx_ext_sc.a : ll_common_patch.o (.text)
                             00018b80                             : ll_common_patch.o (.text)
llReleaseConnId           $Tramp$TT$L$PI$$llReleaseConnId
   10008429     0001d4f8     000184e2   cc2640_ctrl_pxxx_ext_sc.a : ll_common_patch.o (.text)
llTimeCompare             $Tramp$TT$L$PI$$llTimeCompare
   1000d8c9     0001d500     00018594   cc2640_ctrl_pxxx_ext_sc.a : ll_common_patch.o (.text)
                             00018828                             : ll_common_patch.o (.text)
llGetCurrentTask          $Tramp$TT$L$PI$$llGetCurrentTask
   1000ac3d     0001d508     0001882e   cc2640_ctrl_pxxx_ext_sc.a : ll_common_patch.o (.text)
                             00019844                             : ll_patch.o (.text)
                             0001a494                             : ll_patch.o (.text)
                             0001a7da                             : ll_patch.o (.text)
                             0001a7e4                             : ll_patch.o (.text)
llTimeDelta               $Tramp$TT$L$PI$$llTimeDelta
   1000d8f5     0001d510     00018840   cc2640_ctrl_pxxx_ext_sc.a : ll_common_patch.o (.text)
llSetupRejectInd          $Tramp$TT$L$PI$$llSetupRejectInd
   10007df5     0001d518     00018a9c   cc2640_ctrl_pxxx_ext_sc.a : ll_common_patch.o (.text)
                             0001b092                             : ll_slave_end_causes_patch.o (.text)
LL_ENC_Init               $Tramp$TT$L$PI$$LL_ENC_Init
   1000b4c9     0001d520     00018df2   cc2640_ctrl_pxxx_ext_sc.a : ll_enc_patch.o (.text)
                             00018e60                             : ll_enc_patch.o (.text)
                             0001999e                             : ll_patch.o (.text)
                             0001b1b4                             : ll_sleep.o (.text)
LL_ENC_LoadKey            $Tramp$TT$L$PI$$LL_ENC_LoadKey
   1000b58d     0001d528     00018dfa   cc2640_ctrl_pxxx_ext_sc.a : ll_enc_patch.o (.text)
                             00018e68                             : ll_enc_patch.o (.text)
LL_ENC_GenerateNonce      $Tramp$TT$L$PI$$LL_ENC_GenerateNonce
   1000b569     0001d530     00018e1c   cc2640_ctrl_pxxx_ext_sc.a : ll_enc_patch.o (.text)
                             00018e8c                             : ll_enc_patch.o (.text)
LL_ENC_EncryptMsg         $Tramp$TT$L$PI$$LL_ENC_EncryptMsg
   1000b721     0001d538     00018e28   cc2640_ctrl_pxxx_ext_sc.a : ll_enc_patch.o (.text)
LL_ENC_DecryptMsg         $Tramp$TT$L$PI$$LL_ENC_DecryptMsg
   1000b851     0001d540     00018e9c   cc2640_ctrl_pxxx_ext_sc.a : ll_enc_patch.o (.text)
LL_ENC_GenerateTrueRandNum  $Tramp$TT$L$PI$$LL_ENC_GenerateTrueRandNum
   1000b51d     0001d548     0001981a   cc2640_ctrl_pxxx_ext_sc.a : ll_patch.o (.text)
                             0001a694                             : ll_patch.o (.text)
WL_Init                   $Tramp$TT$L$PI$$WL_Init
   1000d189     0001d550     0001999a   cc2640_ctrl_pxxx_ext_sc.a : ll_patch.o (.text)
LL_ClearWhiteList         $Tramp$TT$L$PI$$LL_ClearWhiteList
   10005719     0001d558     000199a2   cc2640_ctrl_pxxx_ext_sc.a : ll_patch.o (.text)
llReleaseAllConnId        $Tramp$TT$L$PI$$llReleaseAllConnId
   10008461     0001d560     00019a06   cc2640_ctrl_pxxx_ext_sc.a : ll_patch.o (.text)
LL_ConnActive             $Tramp$TT$L$PI$$LL_ConnActive
   1000678d     0001d568     00019ae0   cc2640_ctrl_pxxx_ext_sc.a : ll_patch.o (.text)
                             00019b30                             : ll_patch.o (.text)
                             00019b6e                             : ll_patch.o (.text)
                             00019baa                             : ll_patch.o (.text)
                             00019d00                             : ll_patch.o (.text)
                             0001a53a                             : ll_patch.o (.text)
                             0001a718                             : ll_patch.o (.text)
                             0001a756                             : ll_patch.o (.text)
                             0001a7d2                             : ll_patch.o (.text)
HCI_DataBufferOverflowEvent  $Tramp$TT$L$PI$$HCI_DataBufferOverflowEvent
   10008a2d     0001d570     00019d20   cc2640_ctrl_pxxx_ext_sc.a : ll_patch.o (.text)
LL_DirectTestEndDoneCback  $Tramp$TT$L$PI$$LL_DirectTestEndDoneCback
   10009471     0001d578     0001a24a   cc2640_ctrl_pxxx_ext_sc.a : ll_patch.o (.text)
                             0001a280                             : ll_patch.o (.text)
llGetActiveTasks          $Tramp$TT$L$PI$$llGetActiveTasks
   1000aca9     0001d580     0001a406   cc2640_ctrl_pxxx_ext_sc.a : ll_patch.o (.text)
llSetupAdv                $Tramp$TT$L$PI$$llSetupAdv
   100073e5     0001d588     0001a436   cc2640_ctrl_pxxx_ext_sc.a : ll_patch.o (.text)
llGetNumTasks             $Tramp$TT$L$PI$$llGetNumTasks
   1000ace1     0001d590     0001a48c   cc2640_ctrl_pxxx_ext_sc.a : ll_patch.o (.text)
llCheckForLstoDuringSL    $Tramp$TT$L$PI$$llCheckForLstoDuringSL
   1000c1b5     0001d598     0001ac5e   cc2640_ctrl_pxxx_ext_sc.a : ll_slave_end_causes_patch.o (.text)
llEventInRange            $Tramp$TT$L$PI$$llEventInRange
   100086f1     0001d5a0     0001ac80   cc2640_ctrl_pxxx_ext_sc.a : ll_slave_end_causes_patch.o (.text)
                             0001aca0                             : ll_slave_end_causes_patch.o (.text)
LL_EncLtkReqCback         $Tramp$TT$L$PI$$LL_EncLtkReqCback
   1000925d     0001d5a8     0001af76   cc2640_ctrl_pxxx_ext_sc.a : ll_slave_end_causes_patch.o (.text)
llSetupEncRsp             $Tramp$TT$L$PI$$llSetupEncRsp
   10007b95     0001d5b0     0001af7e   cc2640_ctrl_pxxx_ext_sc.a : ll_slave_end_causes_patch.o (.text)
LL_ENC_AES128_Encrypt     $Tramp$TT$L$PI$$LL_ENC_AES128_Encrypt
   1000b5f5     0001d5b8     0001afe0   cc2640_ctrl_pxxx_ext_sc.a : ll_slave_end_causes_patch.o (.text)
LL_EncKeyRefreshCback     $Tramp$TT$L$PI$$LL_EncKeyRefreshCback
   100093dd     0001d5c0     0001b016   cc2640_ctrl_pxxx_ext_sc.a : ll_slave_end_causes_patch.o (.text)
LL_EncChangeCback         $Tramp$TT$L$PI$$LL_EncChangeCback
   1000933d     0001d5c8     0001b022   cc2640_ctrl_pxxx_ext_sc.a : ll_slave_end_causes_patch.o (.text)
llSetupStartEncRsp        $Tramp$TT$L$PI$$llSetupStartEncRsp
   10007ca9     0001d5d0     0001b034   cc2640_ctrl_pxxx_ext_sc.a : ll_slave_end_causes_patch.o (.text)
llSetupPauseEncRsp        $Tramp$TT$L$PI$$llSetupPauseEncRsp
   10007d55     0001d5d8     0001b04e   cc2640_ctrl_pxxx_ext_sc.a : ll_slave_end_causes_patch.o (.text)
LL_ReadRemoteVersionInfoCback  $Tramp$TT$L$PI$$LL_ReadRemoteVersionInfoCback
   100091e1     0001d5e0     0001b0cc   cc2640_ctrl_pxxx_ext_sc.a : ll_slave_end_causes_patch.o (.text)
                             0001b0e0                             : ll_slave_end_causes_patch.o (.text)
llSetupVersionIndReq      $Tramp$TT$L$PI$$llSetupVersionIndReq
   10007f29     0001d5e8     0001b0ec   cc2640_ctrl_pxxx_ext_sc.a : ll_slave_end_causes_patch.o (.text)
llMoveTempTxDataEntries   $Tramp$TT$L$PI$$llMoveTempTxDataEntries
   1000afa1     0001d5f0     0001b19a   cc2640_ctrl_pxxx_ext_sc.a : ll_slave_end_causes_patch.o (.text)
WL_ClearEntry             $Tramp$TT$L$PI$$WL_ClearEntry
   1000d1f5     0001d5f8     0001b1f6   cc2640_ctrl_pxxx_ext_sc.a : ll_wl_patch.o (.text)
RFHAL_NextDataEntryDone   $Tramp$TT$L$PI$$RFHAL_NextDataEntryDone
   100184d5     0001d600     0001b61a   cc2640_ctrl_pxxx_ext_sc.a : ll_isr.o (.text)
LL_PseudoRand             $Tramp$TT$L$PI$$LL_PseudoRand
   10005801     0001d608     0001c622   osal.obj (.text)
HCI_EXT_NumComplPktsLimitCmd  $Tramp$TT$L$PI$$HCI_EXT_NumComplPktsLimitCmd
   1000a1b5     0001d610     0001cf26   ble_dispatch.obj (.text)
HCI_EXT_BuildRevisionCmd  $Tramp$TT$L$PI$$HCI_EXT_BuildRevisionCmd
   1000a109     0001d618     0001cf40   ble_dispatch.obj (.text)
HCI_EXT_SetSlaveLatencyOverrideCmd  $Tramp$TT$L$PI$$HCI_EXT_SetSlaveLatencyOverrideCmd
   10009e6d     0001d620     0001cf48   ble_dispatch.obj (.text)
HCI_EXT_AdvEventNoticeCmd  $Tramp$TT$L$PI$$HCI_EXT_AdvEventNoticeCmd
   1000a0f1     0001d628     0001cf5e   ble_dispatch.obj (.text)
HCI_EXT_PERbyChanCmd      $Tramp$TT$L$PI$$HCI_EXT_PERbyChanCmd
   1000a075     0001d630     0001cf68   ble_dispatch.obj (.text)
HCI_EXT_PacketErrorRateCmd  $Tramp$TT$L$PI$$HCI_EXT_PacketErrorRateCmd
   1000a031     0001d638     0001cf72   ble_dispatch.obj (.text)
HCI_EXT_DisconnectImmedCmd  $Tramp$TT$L$PI$$HCI_EXT_DisconnectImmedCmd
   1000a011     0001d640     0001cf7a   ble_dispatch.obj (.text)
HCI_EXT_SetMaxDtmTxPowerCmd  $Tramp$TT$L$PI$$HCI_EXT_SetMaxDtmTxPowerCmd
   10009fd1     0001d648     0001cf82   ble_dispatch.obj (.text)
HCI_EXT_EnablePTMCmd      $Tramp$TT$L$PI$$HCI_EXT_EnablePTMCmd
   10009f69     0001d650     0001cf88   ble_dispatch.obj (.text)
HCI_EXT_SetSCACmd         $Tramp$TT$L$PI$$HCI_EXT_SetSCACmd
   10009f49     0001d658     0001cf90   ble_dispatch.obj (.text)
HCI_EXT_SetBDADDRCmd      $Tramp$TT$L$PI$$HCI_EXT_SetBDADDRCmd
   10009f0d     0001d660     0001cf98   ble_dispatch.obj (.text)
HCI_EXT_EndModemTestCmd   $Tramp$TT$L$PI$$HCI_EXT_EndModemTestCmd
   10009eed     0001d668     0001cf9e   ble_dispatch.obj (.text)
HCI_EXT_ModemTestRxCmd    $Tramp$TT$L$PI$$HCI_EXT_ModemTestRxCmd
   10009ecd     0001d670     0001cfa6   ble_dispatch.obj (.text)
HCI_EXT_ModemHopTestTxCmd  $Tramp$TT$L$PI$$HCI_EXT_ModemHopTestTxCmd
   10009ead     0001d678     0001cfac   ble_dispatch.obj (.text)
HCI_EXT_ModemTestTxCmd    $Tramp$TT$L$PI$$HCI_EXT_ModemTestTxCmd
   10009e8d     0001d680     0001cfb6   ble_dispatch.obj (.text)
HCI_EXT_SetFastTxResponseTimeCmd  $Tramp$TT$L$PI$$HCI_EXT_SetFastTxResponseTimeCmd
   10009e4d     0001d688     0001cfbe   ble_dispatch.obj (.text)
HCI_EXT_SetLocalSupportedFeaturesCmd  $Tramp$TT$L$PI$$HCI_EXT_SetLocalSupportedFeaturesCmd
   10009e2d     0001d690     0001cfc6   ble_dispatch.obj (.text)
HCI_EXT_DecryptCmd        $Tramp$TT$L$PI$$HCI_EXT_DecryptCmd
   10009dd1     0001d698     0001cfd0   ble_dispatch.obj (.text)
HCI_EXT_OnePktPerEvtCmd   $Tramp$TT$L$PI$$HCI_EXT_OnePktPerEvtCmd
   10009d45     0001d6a0     0001cfd8   ble_dispatch.obj (.text)
HCI_EXT_SetTxPowerCmd     $Tramp$TT$L$PI$$HCI_EXT_SetTxPowerCmd
   10009d09     0001d6a8     0001cfe0   ble_dispatch.obj (.text)
HCI_LE_TestEndCmd         $Tramp$TT$L$PI$$HCI_LE_TestEndCmd
   10009c8d     0001d6b0     0001d008   ble_dispatch.obj (.text)
HCI_LE_ReadSupportedStatesCmd  $Tramp$TT$L$PI$$HCI_LE_ReadSupportedStatesCmd
   10009c15     0001d6b8     0001d022   ble_dispatch.obj (.text)
HCI_LE_EncryptCmd         $Tramp$TT$L$PI$$HCI_LE_EncryptCmd
   10009af5     0001d6c0     0001d02c   ble_dispatch.obj (.text)
HCI_LE_ReadChannelMapCmd  $Tramp$TT$L$PI$$HCI_LE_ReadChannelMapCmd
   10009aa1     0001d6c8     0001d03c   ble_dispatch.obj (.text)
HCI_LE_RemoveWhiteListCmd  $Tramp$TT$L$PI$$HCI_LE_RemoveWhiteListCmd
   10009a31     0001d6d0     0001d046   ble_dispatch.obj (.text)
HCI_LE_AddWhiteListCmd    $Tramp$TT$L$PI$$HCI_LE_AddWhiteListCmd
   10009a15     0001d6d8     0001d050   ble_dispatch.obj (.text)
HCI_LE_ClearWhiteListCmd  $Tramp$TT$L$PI$$HCI_LE_ClearWhiteListCmd
   100099f9     0001d6e0     0001d056   ble_dispatch.obj (.text)
HCI_LE_ReadWhiteListSizeCmd  $Tramp$TT$L$PI$$HCI_LE_ReadWhiteListSizeCmd
   100099c9     0001d6e8     0001d05c   ble_dispatch.obj (.text)
HCI_LE_ReadAdvChanTxPowerCmd  $Tramp$TT$L$PI$$HCI_LE_ReadAdvChanTxPowerCmd
   100098f5     0001d6f0     0001d062   ble_dispatch.obj (.text)
HCI_LE_ReadLocalSupportedFeaturesCmd  $Tramp$TT$L$PI$$HCI_LE_ReadLocalSupportedFeaturesCmd
   10009829     0001d6f8     0001d068   ble_dispatch.obj (.text)
HCI_ReadLocalSupportedFeaturesCmd  $Tramp$TT$L$PI$$HCI_ReadLocalSupportedFeaturesCmd
   1000973d     0001d700     0001d084   ble_dispatch.obj (.text)
HCI_ReadTransmitPowerLevelCmd  $Tramp$TT$L$PI$$HCI_ReadTransmitPowerLevelCmd
   100095d1     0001d708     0001d0a2   ble_dispatch.obj (.text)
HCI_SetEventMaskCmd       $Tramp$TT$L$PI$$HCI_SetEventMaskCmd
   10009571     0001d710     0001d0b0   ble_dispatch.obj (.text)
HCI_ReadRemoteVersionInfoCmd  $Tramp$TT$L$PI$$HCI_ReadRemoteVersionInfoCmd
   10009541     0001d718     0001d0b8   ble_dispatch.obj (.text)

[129 trampolines]
[221 trampoline calls]


GLOBAL SYMBOLS: SORTED ALPHABETICALLY BY Name 

address   name                                       
-------   ----                                       
10014c00  A1_rw                                      
10005000  A1_rw_1                                    
10019ffe  A2_rw                                      
1000dffe  A2_rw_1                                    
10019ffc  A3_rw                                      
1000dffc  A3_rw_1                                    
20004f2c  A4_rw                                      
200048e8  A4_rw_1                                    
20004f7c  ACCX                                       
20004f80  ACCY                                       
20004f84  ACCZ                                       
10015229  ATOMICPATTERN                              
0000f4f7  ATT_BuildErrorRsp                          
0000f527  ATT_BuildExchangeMTUReq                    
0000f533  ATT_BuildExchangeMTURsp                    
0000f85d  ATT_BuildExecuteWriteReq                   
0000f5c1  ATT_BuildFindByTypeValueReq                
0000f61d  ATT_BuildFindByTypeValueRsp                
0000f559  ATT_BuildFindInfoReq                       
0000f565  ATT_BuildFindInfoRsp                       
0000f881  ATT_BuildHandleValueInd                    
0000f7e3  ATT_BuildPrepareWriteReq                   
0000f80d  ATT_BuildPrepareWriteRsp                   
0000f727  ATT_BuildReadBlobReq                       
0000f765  ATT_BuildReadBlobRsp                       
0000f7a5  ATT_BuildReadByGrpTypeRsp                  
0000f63f  ATT_BuildReadByTypeReq                     
0000f6ab  ATT_BuildReadByTypeRsp                     
0000f777  ATT_BuildReadMultiReq                      
0000f79f  ATT_BuildReadMultiRsp                      
0000f6cf  ATT_BuildReadReq                           
0000f6eb  ATT_BuildReadRsp                           
0000f71b  ATT_BuildWriteReq                          
0000f951  ATT_CompareUUID                            
0000f9a1  ATT_ConvertUUIDto128                       
0000f9c9  ATT_ConvertUUIDto16                        
0000f2b7  ATT_ErrorRsp                               
0000f2c9  ATT_ExchangeMTURsp                         
0000f3fb  ATT_ExecuteWriteRsp                        
0000f311  ATT_FindByTypeValueRsp                     
0000f2e1  ATT_FindInfoRsp                            
0000fa31  ATT_GetMTU                                 
0000fa53  ATT_GetParamValue                          
0000f41d  ATT_HandleValueInd                         
0000f407  ATT_HandleValueNoti                        
0000f509  ATT_ParseErrorRsp                          
0000f529  ATT_ParseExchangeMTUReq                    
0000f543  ATT_ParseExchangeMTURsp                    
0000f865  ATT_ParseExecuteWriteReq                   
0000f877  ATT_ParseExecuteWriteRsp                   
0000f5db  ATT_ParseFindByTypeValueReq                
0000f625  ATT_ParseFindByTypeValueRsp                
0000f55b  ATT_ParseFindInfoReq                       
0000f57d  ATT_ParseFindInfoRsp                       
0000f8c1  ATT_ParseHandleValueCfm                    
0000f895  ATT_ParseHandleValueInd                    
0000f49d  ATT_ParsePacket                            
0000f7e5  ATT_ParsePrepareWriteReq                   
0000f82b  ATT_ParsePrepareWriteRsp                   
0000f741  ATT_ParseReadBlobReq                       
0000f769  ATT_ParseReadBlobRsp                       
0000f7b7  ATT_ParseReadByGrpTypeRsp                  
0000f66f  ATT_ParseReadByTypeReq                     
0000f6ad  ATT_ParseReadByTypeRsp                     
0000f77f  ATT_ParseReadMultiReq                      
0000f7a3  ATT_ParseReadMultiRsp                      
0000f6d1  ATT_ParseReadReq                           
0000f6ef  ATT_ParseReadRsp                           
0000f6f1  ATT_ParseWriteReq                          
0000f71d  ATT_ParseWriteRsp                          
0000f3e1  ATT_PrepareWriteRsp                        
0000f379  ATT_ReadBlobRsp                            
0000f3b3  ATT_ReadByGrpTypeRsp                       
0000f331  ATT_ReadByTypeRsp                          
0000f395  ATT_ReadMultiRsp                           
0000f35d  ATT_ReadRsp                                
0000f2b1  ATT_RegisterServer                         
0000fa51  ATT_SetParamValue                          
0000fa07  ATT_UpdateMTU                              
0000f3d5  ATT_WriteRsp                               
10016c29  AddRoundKeySubBytes_Sw                     
10018a19  AesCcm_authEncrypt_Sw                      
10018a35  AesCcm_decryptAuth_Sw                      
10018b09  AesCcm_getNumBlocks_Sw                     
10018ac5  Aes_decrypt_Sw                             
10018a99  Aes_encrypt_Sw                             
20004f2c  COMMON_RAM_BASE_ADDR                       
10014c01  COMMON_ROM_BASE_ADDR                       
10015a6d  COPY                                       
0001d1d1  ECC_ECDH_computeSharedSecret               
10017959  ECC_allocWorkzone                          
0001d1c5  ECC_generateKey                            
0001be05  ECC_initialize                             
10017dbd  ECC_keyGen                                 
10017961  ECC_setWin                                 
10017ded  ECDH_commonKey                             
10017969  ECDSA_sign                                 
10017b01  ECDSA_verif                                
10015a11  EXPORTOPERAND                              
20004f78  EXPW                                       
20004f6c  EXPX                                       
20004f70  EXPY                                       
20004f74  EXPZ                                       
10016f58  FFMult2                                    
10017058  FFMult3                                    
10016d05  FFMult_Sw                                  
10018d6c  Fill1                                      
1000d9ec  Fill1_1                                    
00010015  GAP_Authenticate                           
0001014f  GAP_Bond                                   
0000faff  GAP_ConfigDeviceAddr                       
000108ff  GAP_EndDiscoverable                        
000109f5  GAP_GetAdvToken                            
0000faf9  GAP_GetIRK                                 
0000fa83  GAP_GetParamValue                          
00010f3f  GAP_Init                                   
00010805  GAP_MakeDiscoverable                       
0001101d  GAP_NumActiveConnections                   
0000fa95  GAP_ParamsInit                             
00010103  GAP_PasscodeUpdate                         
000100cf  GAP_PasskeyUpdate                          
00010e63  GAP_PeriConnRegister                       
00010a69  GAP_PeriDevMgrInit                         
0000fad7  GAP_PrivacyInit                            
00010f55  GAP_ProcessEvent                           
000111fd  GAP_RegisterBondMgrCBs                     
00010f39  GAP_RegisterForMsgs                        
00010a0b  GAP_RemoveAdvToken                         
0000fdb1  GAP_ResolvePrivateAddr                     
0000fabd  GAP_SecParamsInit                          
00010e29  GAP_SendSlaveSecurityRequest               
0001094b  GAP_SetAdvToken                            
0000fa69  GAP_SetParamValue                          
0000ffd5  GAP_Signable                               
000100b1  GAP_TerminateAuth                          
0000fe61  GAP_TerminateLinkReq                       
00010a55  GAP_UpdateAdvTokens                        
00010897  GAP_UpdateAdvertisingData                  
0000fedb  GAP_UpdateLinkParamReq                     
0000ff43  GAP_UpdateLinkParamReqReply                
00012767  GATTServApp_AddService                     
0001277d  GATTServApp_DelService                     
0001260b  GATTServApp_DeregisterService              
00013433  GATTServApp_GetParamValue                  
000126ad  GATTServApp_GetParameter                   
00012529  GATTServApp_Init                           
0001d35d  GATTServApp_InitCharCfg                    
00012577  GATTServApp_ProcessEvent                   
000131b1  GATTServApp_ReadAttr                       
0001d34d  GATTServApp_ReadCharCfg                    
00012521  GATTServApp_RegisterForMsg                 
000125b5  GATTServApp_RegisterService                
000134a9  GATTServApp_SendCCCUpdatedEvent            
00013431  GATTServApp_SetParamValue                  
0001264f  GATTServApp_SetParameter                   
20004368  GATTServApp_TaskID                         
00013437  GATTServApp_UpdateCharCfg                  
000133a9  GATTServApp_WriteAttr                      
00012107  GATT_AppCompletedMsg                       
00011657  GATT_DeregisterService                     
0001186d  GATT_FindHandle                            
0001180f  GATT_FindHandleUUID                        
000118b9  GATT_FindNextAttr                          
000123e1  GATT_FindUUIDRec                           
00012075  GATT_GetNextHandle                         
00011a0d  GATT_Indication                            
0001212f  GATT_Init                                  
00011551  GATT_InitServer                            
00011a79  GATT_Notification                          
00012299  GATT_NotifyEvent                           
0001214d  GATT_ProcessEvent                          
000120f5  GATT_RegisterForMsgs                       
00011697  GATT_RegisterForReq                        
000115b9  GATT_RegisterService                       
00011959  GATT_SendRsp                               
0001179d  GATT_ServiceChangedInd                     
00011949  GATT_ServiceEncKeySize                     
0001193d  GATT_ServiceNumAttrs                       
000120fb  GATT_SetHostToAppFlowCtrl                  
000120e5  GATT_SetNextHandle                         
000122ad  GATT_UpdateMTU                             
0001169f  GATT_VerifyReadPermissions                 
0001170b  GATT_VerifyWritePermissions                
00012355  GATT_bm_alloc                              
000123cd  GATT_bm_free                               
10015141  GETBIT                                     
10015155  GETDIGIT                                   
100151a5  GETDIGITL2R                                
000112e1  GGS_AddService                             
000112f9  GGS_DelService                             
000112dd  GGS_GetParamValue                          
000112a5  GGS_GetParameter                           
0001130d  GGS_RegisterAppCBs                         
000112db  GGS_SetParamValue                          
00011225  GGS_SetParameter                           
10008add  HCI_CommandCompleteEvent                   
10008ba1  HCI_CommandStatusEvent                     
10008a2d  HCI_DataBufferOverflowEvent                
10009525  HCI_DisconnectCmd                          
1000a0f1  HCI_EXT_AdvEventNoticeCmd                  
1000a109  HCI_EXT_BuildRevisionCmd                   
10009d79  HCI_EXT_ClkDivOnHaltCmd                    
00017af9  HCI_EXT_ConnEventNoticeCmd                 
10009dad  HCI_EXT_DeclareNvUsageCmd                  
10009dd1  HCI_EXT_DecryptCmd                         
00017aaf  HCI_EXT_DelaySleepCmd                      
1000a011  HCI_EXT_DisconnectImmedCmd                 
10009f69  HCI_EXT_EnablePTMCmd                       
10009eed  HCI_EXT_EndModemTestCmd                    
1000a095  HCI_EXT_ExtendRfRangeCmd                   
000178a3  HCI_EXT_GetConnInfoCmd                     
1000a0d1  HCI_EXT_HaltDuringRfCmd                    
10009ff1  HCI_EXT_MapPmIoPortCmd                     
10009ead  HCI_EXT_ModemHopTestTxCmd                  
10009ecd  HCI_EXT_ModemTestRxCmd                     
10009e8d  HCI_EXT_ModemTestTxCmd                     
1000a1b5  HCI_EXT_NumComplPktsLimitCmd               
10009d45  HCI_EXT_OnePktPerEvtCmd                    
1000a195  HCI_EXT_OverlappedProcessingCmd            
1000a075  HCI_EXT_PERbyChanCmd                       
1000a031  HCI_EXT_PacketErrorRateCmd                 
00017a89  HCI_EXT_ResetSystemCmd                     
10009fb1  HCI_EXT_SaveFreqTuneCmd                    
10009f0d  HCI_EXT_SetBDADDRCmd                       
10009e4d  HCI_EXT_SetFastTxResponseTimeCmd           
10009f81  HCI_EXT_SetFreqTuneCmd                     
10009e2d  HCI_EXT_SetLocalSupportedFeaturesCmd       
00017ad1  HCI_EXT_SetMaxDataLenCmd                   
10009fd1  HCI_EXT_SetMaxDtmTxPowerCmd                
10009cd5  HCI_EXT_SetRxGainCmd                       
10009f49  HCI_EXT_SetSCACmd                          
10009e6d  HCI_EXT_SetSlaveLatencyOverrideCmd         
10009d09  HCI_EXT_SetTxPowerCmd                      
0001b747  HCI_ExtTaskRegister                        
0001b735  HCI_GAPTaskRegister                        
0001779b  HCI_HardwareErrorEvent                     
10009631  HCI_HostBufferSizeCmd                      
1000965d  HCI_HostNumCompletedPktCmd                 
0001b6c1  HCI_Init                                   
0001b73b  HCI_L2CAPTaskRegister                      
10009a15  HCI_LE_AddWhiteListCmd                     
100099f9  HCI_LE_ClearWhiteListCmd                   
00017a79  HCI_LE_ConnUpdateCmd                       
1000999d  HCI_LE_CreateConnCancelCmd                 
1000995d  HCI_LE_CreateConnCmd                       
10009af5  HCI_LE_EncryptCmd                          
00017a15  HCI_LE_GenerateDHKeyCmd                    
10009be1  HCI_LE_LtkReqNegReplyCmd                   
10009bc5  HCI_LE_LtkReqReplyCmd                      
10009b51  HCI_LE_RandCmd                             
100098f5  HCI_LE_ReadAdvChanTxPowerCmd               
00017931  HCI_LE_ReadBufSizeCmd                      
10009aa1  HCI_LE_ReadChannelMapCmd                   
00017a01  HCI_LE_ReadLocalP256PublicKeyCmd           
10009829  HCI_LE_ReadLocalSupportedFeaturesCmd       
000179d1  HCI_LE_ReadMaxDataLenCmd                   
00017965  HCI_LE_ReadRemoteUsedFeaturesCmd           
000179a5  HCI_LE_ReadSuggestedDefaultDataLenCmd      
10009c15  HCI_LE_ReadSupportedStatesCmd              
100099c9  HCI_LE_ReadWhiteListSizeCmd                
00017a3f  HCI_LE_ReceiverTestCmd                     
00017961  HCI_LE_RemoteConnParamReqNegReplyCmd       
0001795d  HCI_LE_RemoteConnParamReqReplyCmd          
10009a31  HCI_LE_RemoveWhiteListCmd                  
100098a1  HCI_LE_SetAdvDataCmd                       
100098d9  HCI_LE_SetAdvEnableCmd                     
1000986d  HCI_LE_SetAdvParamCmd                      
0001798f  HCI_LE_SetDataLenCmd                       
00017afd  HCI_LE_SetEventMaskCmd                     
10009a85  HCI_LE_SetHostChanClassificationCmd        
10009849  HCI_LE_SetRandomAddressCmd                 
10009941  HCI_LE_SetScanEnableCmd                    
10009915  HCI_LE_SetScanParamCmd                     
100098bd  HCI_LE_SetScanRspDataCmd                   
10009ba9  HCI_LE_StartEncyptCmd                      
10009c8d  HCI_LE_TestEndCmd                          
00017a2d  HCI_LE_TransmitterTestCmd                  
000179c1  HCI_LE_WriteSuggestedDefaultDataLenCmd     
000171ad  HCI_NumOfCompletedPacketsEvent             
0001b6f3  HCI_ProcessEvent                           
10009765  HCI_ReadBDADDRCmd                          
0001788f  HCI_ReadLocalSupportedCommandsCmd          
1000973d  HCI_ReadLocalSupportedFeaturesCmd          
00017b35  HCI_ReadLocalVersionInfoCmd                
10009541  HCI_ReadRemoteVersionInfoCmd               
00017b8f  HCI_ReadRssiCmd                            
100095d1  HCI_ReadTransmitPowerLevelCmd              
[...]
1000d36d  WL_RemoveEntry                             
1000d4ad  llGetAdvChanPDU                            
1000d695  llGenerateValidAccessAddr                  
1000d6b1  llGtSixConsecZerosOrOnes                   
1000d6e5  llEqSynchWord                              
1000d6f5  llOneBitSynchWordDiffer                    
1000d709  llEqualBytes                               
1000d731  llGtTwentyFourTransitions                  
1000d761  llLtTwoChangesInLastSixBits                
1000d795  llEqAlreadyValidAddr                       
1000d7cd  HCI_ReverseBytes                           
1000d8c9  llTimeCompare                              
1000d8f5  llTimeDelta                                
1000d94d  llCalcScaFactor                            
1000d964  SCA                                        
1000d9b0  advChan                                    
1000d9b4  advEvt2Cmd                                 
1000d9c0  advEvt2State                               
1000d9e1  llTaskError                                
1000d9ec  Fill1_1                                    
1000dffc  A3_rw_1                                    
1000dffc  romRev                                     
1000dffd  __checksum_end                             
1000dffe  A2_rw_1                                    
1000dffe  P1_ro_2_1                                  
1000dffe  __checksum                                 
10014c00  A1_rw                                      
10014c00  __checksum_begin_CommonROM                 
10014c01  COMMON_ROM_BASE_ADDR                       
10014c04  P1_ro                                      
10014c05  SCALARMUL_init                             
10014ced  SCALARMUL_core                             
10015019  SCALARMUL_final                            
100150e5  SCALARMUL                                  
10015101  SAVEPOINT                                  
10015141  GETBIT                                     
10015155  GETDIGIT                                   
100151a5  GETDIGITL2R                                
10015215  SelectReg                                  
10015229  ATOMICPATTERN                              
100154f5  JACADD                                     
1001568d  INVERT                                     
10015821  SQUAREMULTIPLYWORD                         
1001588c  LUTOPCODE                                  
10015894  LUTOPSIGN                                  
100158ac  LUTC                                       
100158c4  LUTSE                                      
100158dc  LUTINCI                                    
100158f4  LUTJ                                       
1001596c  LUTSTATE                                   
100159a9  IMPORTLENGTH                               
100159ad  IMPORTMODULUS                              
100159d1  IMPORTOPERAND                              
10015a11  EXPORTOPERAND                              
10015a35  IMPORTDATA                                 
10015a51  SETOPERAND                                 
10015a6d  COPY                                       
10015a85  ZERO                                       
10015a91  SETWORD                                    
10015a9d  mSET                                       
10015bcd  zSET                                       
10015bd5  mINVK                                      
10015d19  zADD                                       
10015d5d  zSUB                                       
10015de9  zMACC32                                    
10015e69  zSUB32                                     
10015eb5  zADD32                                     
10015f0d  zMULT32                                    
10015f81  mMULT                                      
10016551  mADD                                       
1001664d  mSUB                                       
10016749  mOUT                                       
10016975  ssp_KeyInit_Sw                             
10016979  sspAesEncrypt_Sw                           
10016985  sspKeyExpansion_Sw                         
10016a99  sspAesEncryptKeyExp_Sw                     
10016af5  sspAesEncryptBasic_Sw                      
10016b79  RoundKey_Sw                                
10016c29  AddRoundKeySubBytes_Sw                     
10016c45  ShiftRows_Sw                               
10016c79  MixColumns_Sw                              
10016d05  FFMult_Sw                                  
10016d29  sspAesDecrypt_Sw                           
10016da1  InvAddRoundKey_Sw                          
10016dc9  InvRoundKey_Sw                             
10016e8d  InvSubBytes_Sw                             
10016ea1  InvShiftRows_Sw                            
10016ed5  InvMixColumns_Sw                           
10016f58  FFMult2                                    
10017058  FFMult3                                    
10017158  RCon                                       
10017164  Sbox                                       
10017264  InvSbox                                    
10017365  SSP_CCM_Auth_Sw                            
100174fd  SSP_CCM_Encrypt_Sw                         
100175ed  SSP_CTR_Encrypt_Sw                         
1001767d  SSP_CCM_Decrypt_Sw                         
10017771  SSP_CTR_Decrypt_Sw                         
10017839  SSP_CCM_InvAuth_Sw                         
10017895  SSP_CCM_Auth_Encrypt_Sw                    
100178f5  SSP_CCM_InvAuth_Decrypt_Sw                 
10017959  ECC_allocWorkzone                          
10017961  ECC_setWin                                 
10017969  ECDSA_sign                                 
10017b01  ECDSA_verif                                
10017dbd  ECC_keyGen                                 
10017ded  ECDH_commonKey                             
10017e39  SHA256_updateW                             
10017e75  SHA256_round                               
10017ef1  SHA256_nextState                           
10017f49  SHA256_saveBuffer                          
10017ffd  SHA256_init                                
10018019  SHA256_process                             
10018089  SHA256_final                               
10018129  SHA256_full                                
10018315  RFHAL_AllocRatChan                         
1001833d  RFHAL_FreeRatChan                          
10018369  RFHAL_MapRatChansToInt                     
10018391  RFHAL_RegisterRatChanCallback              
100183b9  RFHAL_InitDataQueue                        
100183c5  RFHAL_QueueRFDataEntries                   
10018485  RFHAL_FreeNextTxDataEntry                  
100184a9  RFHAL_AllocDataEntryQueue                  
100184c5  RFHAL_FreeDataEntryQueue                   
100184cd  RFHAL_GetNextDataEntry                     
100184d1  RFHAL_GetTempDataEntry                     
100184d5  RFHAL_NextDataEntryDone                    
100184f9  RFHAL_AllocDataEntry                       
10018549  RFHAL_FreeDataEntry                        
10018551  RFHAL_BuildRingBuffer                      
100185e1  RFHAL_BuildDataEntryRingBuffer             
10018669  RFHAL_BuildLinkedBuffer                    
10018a19  AesCcm_authEncrypt_Sw                      
10018a35  AesCcm_decryptAuth_Sw                      
10018a99  Aes_encrypt_Sw                             
10018ac5  Aes_decrypt_Sw                             
10018b09  AesCcm_getNumBlocks_Sw                     
10018b0c  NIST256_p                                  
10018b30  NIST256_r                                  
10018b54  NIST256_a                                  
10018b78  NIST256_b                                  
10018b9c  NIST256_Gx                                 
10018bc0  NIST256_Gy                                 
10018ced  __exit                                     
10018d6c  Fill1                                      
10019ffc  A3_rw                                      
10019ffd  __checksum_end_CommonROM                   
10019ffe  A2_rw                                      
10019ffe  P1_ro_2                                    
10019ffe  __checksum_CommonROM                       
2000432c  pGapDiscReq                                
20004330  pGapAdvertState                            
20004334  gapState                                   
20004335  gattNumConns                               
20004336  gattTaskID                                 
20004338  pfnPeripheralConnCBs                       
2000433c  pfnBondMgrCBs                              
20004344  serverInfoTbl                              
20004368  GATTServApp_TaskID                         
20004378  l2capFixedChannels                         
200043a8  l2capId                                    
200043ac  linkDBNumConns                             
200043e4  localEccKeys                               
20004428  pPairingParams                             
2000442c  pfnResponderCBs                            
20004434  pBleEvtMask                                
2000443c  pHciEvtMask2                               
20004444  featureSetMask                             
2000444c  hciTaskID                                  
2000444d  hciTestTaskID                              
2000444e  hciGapTaskID                               
2000444f  hciL2capTaskID                             
20004450  rfEvent                                    
20004458  hciSmpTaskID                               
20004459  hciExtTaskID                               
20004460  bleDispatch_TaskID                         
20004461  rspBuf                                     
2000449c  timerHead                                  
200044a0  osal_last_timestamp                        
200044a8  ICall_dispatcher                           
200044ac  ICall_enterCriticalSection                 
200044b0  ICall_leaveCriticalSection                 
200044b4  tasksEvents                                
200044d4  gapAppTaskID                               
200044d5  gapProfileRole                             
200044d6  gapDeviceAddrMode                          
200044d7  gapAutoAdvPrivateAddrChange                
200044d8  gapPrivateAddrChangeTimeout                
20004538  slaveUpdateReq                             
20004540  slaveConnHandle                            
20004544  pEstLink                                   
20004548  pAuthLink                                  
2000454c  pfnCentralConnCBs                          
20004570  gapTaskID                                  
20004571  gapUnwantedTaskID                          
20004574  pfnPeripheralCBs                           
2000457f  reqTaskId                                  
20004614  nextHandle                                 
2000461c  gattAppTaskID                              
2000461d  appTaskID                                  
2000461e  l2capMtuSize                               
20004630  l2capTaskID                                
20004631  l2capNumChannels                           
20004632  l2capNumDataPkts                           
20004634  l2capChannels                              
20004650  smTaskID                                   
20004651  SM_appTaskID                               
20004660  llUserConfig                               
20004680  fwParDtmCmd                                
20004698  maxPduSize                                 
20004699  rfFeModeBias                               
2000469a  maxNumTxDataBufs                           
2000469c  advInfoExt                                 
200046a0  fwImmedCmd                                 
200046a8  rfCmdHandle                                
200046aa  connInitialMaxTxOctets                     
200046ac  connInitialMaxTxTime                       
200046ae  supportedMaxTxOctets                       
200046b0  supportedMaxTxTime                         
200046b2  supportedMaxRxOctets                       
200046b4  supportedMaxRxTime                         
200046b8  eccParams                                  
200046e8  rfHandle                                   
200046ec  rfDrvTblPtr                                
200046f0  eccDrvTblPtr                               
200046f4  llConnectionExt                            
200046f8  trngDrvTblPtr                              
200046fc  SysBootMsg                                 
20004700  sclkSrc                                    
20004704  rfMode                                     
20004714  rfParams                                   
20004728  rfSetup                                    
20004740  cryptoPRAND                                
20004760  rfObject                                   
20004824  assertSubcause                             
20004825  legacyMode                                 
20004828  halAssertCback                             
2000482d  osal_entity                                
20004830  osal_qHead                                 
20004834  osal_eventloop_hook                        
20004838  osal_semaphore                             
2000483c  osal_tickperiod                            
20004840  osal_max_msecs                             
20004858  baseTaskID                                 
2000485c  cbTimers                                   
200048d8  OSAL_timeSeconds                           
200048dc  pwrmgr_initialized                         
200048de  pwrmgr_attribute                           
200048e8  A4_rw_1                                    
200048e8  RAM_BASE_ADDR                              
200048fc  P2_zi_1                                    
200048fc  scanDataEntry                              
200049dc  scanDataQueue                              
200049ec  advInfo                                    
20004a8c  wlTable                                    
20004b10  wlTableScan                                
20004b94  initDataEntry                              
20004bcc  initDataQueue                              
20004bdc  advDataEntry                               
20004c14  advDataQueue                               
20004c24  advCmd                                     
20004c6c  ownPublicAddr                              
20004c74  ownRandomAddr                              
20004c7c  ownSavedPublicAddr                         
20004c84  LL_TaskID                                  
20004c85  maxTxPwrForDTM                             
20004c86  onePktPerEvt                               
20004c87  numComplPktsLimit                          
20004c88  numComplPktsFlush                          
20004c89  slOverride                                 
20004c8a  rxFifoFlowCtrl                             
20004c8b  numTxDataBufs                              
20004c8c  verInfo                                    
20004c94  rfCfgAdiVal                                
20004c96  sleepDelay                                 
20004c98  buildInfo                                  
20004c9c  peerInfo                                   
20004ca8  chanMapUpdate                              
20004cb0  llConns                                    
20004cb8  llState                                    
20004cb9  curTxPowerVal                              
20004cba  numComplPkts                               
20004cbb  fastTxRespTime                             
20004cbc  maxNumConns                                
20004cbe  postRfOperations                           
20004cc0  rssiCorrection                             
20004cc4  taskEndAction                              
20004cf0  initParam                                  
20004d14  scanParam                                  
20004d38  slvParam                                   
20004d58  advParam                                   
20004d78  txModemTestCmd                             
20004d94  scanInfo                                   
20004db0  initCmd                                    
20004dc8  connReqData                                
20004de0  slvCmd                                     
20004df8  scanCmd                                    
20004e10  scanOutput                                 
20004e28  trxTestCmd                                 
20004e40  rxModemTestCmd                             
20004e58  initInfo                                   
20004e70  connOutput                                 
20004e84  rxTestParam                                
20004e98  advOutput                                  
20004ea8  txTestParam                                
20004eb8  initOutput                                 
20004ec4  rxTestOut                                  
20004ed0  deviceFeatureSet                           
20004edc  dtmInfo                                    
20004ee8  cachedTRNGdata                             
20004ef4  llTaskList                                 
20004f00  pHciEvtMask                                
20004f08  bleEvtMask                                 
20004f0a  taskEndStatus                              
20004f0c  rxDataQ                                    
20004f10  rxRingBuf                                  
20004f14  mstCmd                                     
20004f18  mstParam                                   
20004f1c  txDataQ                                    
20004f20  txTestOut                                  
20004f24  ctrlToHostEnable                           
20004f26  numHostBufs                                
20004f28  hciPTMenabled                              
20004f2c  A4_rw                                      
20004f2c  COMMON_RAM_BASE_ADDR                       
20004f40  P2_rw                                      
20004f40  P2_s0                                      
20004f40  win                                        
20004f44  workzone                                   
20004f48  data_p                                     
20004f4c  data_r                                     
20004f50  data_a                                     
20004f54  inScalar                                   
20004f58  inPointX                                   
20004f5c  inPointY                                   
20004f60  outPointX                                  
20004f64  outPointY                                  
20004f68  SCAL                                       
20004f6c  EXPX                                       
20004f70  EXPY                                       
20004f74  EXPZ                                       
20004f78  EXPW                                       
20004f7c  ACCX                                       
20004f80  ACCY                                       
20004f84  ACCZ                                       
20004f88  TMP1                                       
20004f8c  TMP2                                       
20004f90  TMP3                                       
20004f94  TMP4                                       
20004f98  TMP5                                       
20004f9c  TMP6                                       
20004fa0  data_Gx                                    
20004fa4  data_Gy                                    
20004fa8  data_b                                     
20004fac  P2_zi                                      
20004fac  ratChanInfo                                
20004fcc  fwInfoCmd                                  
20004fd8  MSBMOD                                     
20004fdc  aux64                                      
20004fe4  MOD                                        
20004fe8  LEN                                        
20004ffc  pSspAesEncrypt_Sw                          
ffffffff  __TI_pprof_out_hndl                        
ffffffff  __TI_prof_data_size                        
ffffffff  __TI_prof_data_start                       
ffffffff  __binit__                                  
ffffffff  __c_args__                                 
ffffffff  binit                                      
UNDEFED   SHT$$INIT_ARRAY$$Base                      
UNDEFED   SHT$$INIT_ARRAY$$Limit                     

[1194 symbols]
